 zlibwapi

 Timestamp is 5105b55e (Sun Jan 27 23:16:46 2013)

 Preferred load address is 10000000

 Start         Length     Name                   Class
 0001:00000000 0003cf29H .textbss                DATA
 0002:00000000 0007d5caH .text                   CODE
 0002:0007d5d0 00001161H .text$x                 CODE
 0003:00000000 00000104H .CRT$XCA                DATA
 0003:00000104 00000104H .CRT$XCZ                DATA
 0003:00000208 00000104H .CRT$XIA                DATA
 0003:0000030c 00000113H .CRT$XIC                DATA
 0003:00000420 00000104H .CRT$XIZ                DATA
 0003:00000524 00000104H .CRT$XPA                DATA
 0003:00000628 00000109H .CRT$XPX                DATA
 0003:00000734 00000104H .CRT$XPXA               DATA
 0003:00000838 00000104H .CRT$XPZ                DATA
 0003:0000093c 00000104H .CRT$XTA                DATA
 0003:00000a40 00000104H .CRT$XTZ                DATA
 0003:00000b50 00014f69H .rdata                  DATA
 0003:00015abc 0000016fH .rdata$debug            DATA
 0003:00015c2c 0000032fH .rdata$r                DATA
 0003:00015f5c 00000104H .rtc$IAA                DATA
 0003:00016060 00000104H .rtc$IZZ                DATA
 0003:00016164 00000104H .rtc$TAA                DATA
 0003:00016268 00000104H .rtc$TZZ                DATA
 0003:00016370 0000121aH .xdata$x                DATA
 0003:00017590 00000f7aH .edata                  DATA
 0004:00000000 000016d2H .data                   DATA
 0004:000016e0 00002358H .bss                    DATA
 0005:00000000 00000014H .idata$2                DATA
 0005:00000014 00000014H .idata$3                DATA
 0005:00000028 000001fcH .idata$4                DATA
 0005:00000224 000001fcH .idata$5                DATA
 0005:00000420 000008acH .idata$6                DATA
 0006:00000000 00000169H .rsrc$01                DATA
 0006:00000170 000004d3H .rsrc$02                DATA

  Address         Publics by Value              Rva+Base       Lib:Object

 0000:00000000       __except_list              00000000     <absolute>
 0000:00000000       ___safe_se_handler_table   00000000     <absolute>
 0000:00000000       ___safe_se_handler_count   00000000     <absolute>
 0000:00000000       ___ImageBase               10000000     <linker-defined>
 0001:00000000       __enc$textbss$begin        10001000     <linker-defined>
 0001:0003cf29       __enc$textbss$end          1003df29     <linker-defined>
 0002:00002f04       _longest_match             10040f04 f   match686.obj
 0002:000030ec       _match_init                100410ec f   match686.obj
 0002:00003270       _inflate_fast              10041270 f   inffas32.obj
 0002:00003af0       _adler32@12                10041af0 f   adler32.obj
 0002:000040a0       _adler32_combine@12        100420a0 f   adler32.obj
 0002:00004220       _adler32_combine64@16      10042220 f   adler32.obj
 0002:00004260       _compress2@20              10042260 f   compress.obj
 0002:00004360       _compress@16               10042360 f   compress.obj
 0002:000043a0       _compressBound@4           100423a0 f   compress.obj
 0002:000043e0       _get_crc_table@0           100423e0 f   crc32.obj
 0002:00004400       _crc32@12                  10042400 f   crc32.obj
 0002:00005100       _crc32_combine@12          10043100 f   crc32.obj
 0002:000053f0       _crc32_combine64@16        100433f0 f   crc32.obj
 0002:00005430       _deflateInit_@16           10043430 f   deflate.obj
 0002:00005470       _deflateInit2_@32          10043470 f   deflate.obj
 0002:00005880       _deflateSetDictionary@12   10043880 f   deflate.obj
 0002:00005b90       _deflateResetKeep@4        10043b90 f   deflate.obj
 0002:00005cd0       _deflateReset@4            10043cd0 f   deflate.obj
 0002:00005d20       _deflateSetHeader@8        10043d20 f   deflate.obj
 0002:00005d80       _deflatePending@12         10043d80 f   deflate.obj
 0002:00005df0       _deflatePrime@12           10043df0 f   deflate.obj
 0002:00005f10       _deflateParams@12          10043f10 f   deflate.obj
 0002:00006090       _deflateTune@20            10044090 f   deflate.obj
 0002:00006110       _deflateBound@8            10044110 f   deflate.obj
 0002:000062f0       _deflate@8                 100442f0 f   deflate.obj
 0002:00007700       _deflateEnd@4              10045700 f   deflate.obj
 0002:00007890       _deflateCopy@8             10045890 f   deflate.obj
 0002:0000a0b0       _gzclose@4                 100480b0 f   gzclose.obj
 0002:0000a120       _gzopen@8                  10048120 f   gzlib.obj
 0002:0000a730       _gzopen64@8                10048730 f   gzlib.obj
 0002:0000a760       _gzdopen@8                 10048760 f   gzlib.obj
 0002:0000a7f0       _gzopen_w@8                100487f0 f   gzlib.obj
 0002:0000a820       _gzbuffer@8                10048820 f   gzlib.obj
 0002:0000a8a0       _gzrewind@4                100488a0 f   gzlib.obj
 0002:0000a950       _gzseek64@16               10048950 f   gzlib.obj
 0002:0000acf0       _gzseek@12                 10048cf0 f   gzlib.obj
 0002:0000ad60       _gztell64@4                10048d60 f   gzlib.obj
 0002:0000ae00       _gztell@4                  10048e00 f   gzlib.obj
 0002:0000ae60       _gzoffset64@4              10048e60 f   gzlib.obj
 0002:0000af30       _gzoffset@4                10048f30 f   gzlib.obj
 0002:0000af90       _gzeof@4                   10048f90 f   gzlib.obj
 0002:0000b010       _gzerror@8                 10049010 f   gzlib.obj
 0002:0000b0a0       _gzclearerr@4              100490a0 f   gzlib.obj
 0002:0000b130       _gz_error                  10049130 f   gzlib.obj
 0002:0000b280       _gzread@12                 10049280 f   gzread.obj
 0002:0000bdd0       _gzgetc@4                  10049dd0 f   gzread.obj
 0002:0000bed0       _gzgetc_@4                 10049ed0 f   gzread.obj
 0002:0000bf00       _gzungetc@8                10049f00 f   gzread.obj
 0002:0000c140       _gzgets@12                 1004a140 f   gzread.obj
 0002:0000c360       _gzdirect@4                1004a360 f   gzread.obj
 0002:0000c3d0       _gzclose_r@4               1004a3d0 f   gzread.obj
 0002:0000c4f0       _gzwrite@12                1004a4f0 f   gzwrite.obj
 0002:0000ccb0       _gzputc@8                  1004acb0 f   gzwrite.obj
 0002:0000ce10       _gzputs@8                  1004ae10 f   gzwrite.obj
 0002:0000ce80       _gzprintf                  1004ae80 f   gzwrite.obj
 0002:0000d030       _gzflush@8                 1004b030 f   gzwrite.obj
 0002:0000d100       _gzsetparams@12            1004b100 f   gzwrite.obj
 0002:0000d230       _gzclose_w@4               1004b230 f   gzwrite.obj
 0002:0000d3a0       _inflateBackInit_@20       1004b3a0 f   infback.obj
 0002:0000d4f0       _inflateBack@20            1004b4f0 f   infback.obj
 0002:0000edc0       _inflateBackEnd@4          1004cdc0 f   infback.obj
 0002:0000ee30       _inflateResetKeep@4        1004ce30 f   inflate.obj
 0002:0000ef70       _inflateReset@4            1004cf70 f   inflate.obj
 0002:0000efe0       _inflateReset2@8           1004cfe0 f   inflate.obj
 0002:0000f0f0       _inflateInit2_@16          1004d0f0 f   inflate.obj
 0002:0000f230       _inflateInit_@12           1004d230 f   inflate.obj
 0002:0000f260       _inflatePrime@12           1004d260 f   inflate.obj
 0002:0000f330       _inflate@8                 1004d330 f   inflate.obj
 0002:00011e10       _inflateEnd@4              1004fe10 f   inflate.obj
 0002:00011ec0       _inflateSetDictionary@12   1004fec0 f   inflate.obj
 0002:00012000       _inflateGetHeader@8        10050000 f   inflate.obj
 0002:00012070       _inflateSync@4             10050070 f   inflate.obj
 0002:00012320       _inflateSyncPoint@4        10050320 f   inflate.obj
 0002:00012390       _inflateCopy@8             10050390 f   inflate.obj
 0002:000125d0       _inflateUndermine@8        100505d0 f   inflate.obj
 0002:00012640       _inflateMark@4             10050640 f   inflate.obj
 0002:000126e0       _inflate_table             100506e0 f   inftrees.obj
 0002:00012e00       _call_zopen64              10050e00 f   ioapi.obj
 0002:00012e70       _call_zseek64              10050e70 f   ioapi.obj
 0002:00012f20       _call_ztell64              10050f20 f   ioapi.obj
 0002:00012fa0       _fill_zlib_filefunc64_32_def_from_filefunc32 10050fa0 f   ioapi.obj
 0002:00013060       _fill_fopen_filefunc       10051060 f   ioapi.obj
 0002:00013330       _fill_fopen64_filefunc     10051330 f   ioapi.obj
 0002:00013530       _win32_open64_file_func    10051530 f   iowin32.obj
 0002:00013700       _win32_open64_file_funcA   10051700 f   iowin32.obj
 0002:00013790       _win32_open64_file_funcW   10051790 f   iowin32.obj
 0002:00013820       _win32_open_file_func      10051820 f   iowin32.obj
 0002:000138b0       _win32_read_file_func      100518b0 f   iowin32.obj
 0002:00013940       _win32_write_file_func     10051940 f   iowin32.obj
 0002:000139d0       _win32_tell_file_func      100519d0 f   iowin32.obj
 0002:00013a60       _win32_tell64_file_func    10051a60 f   iowin32.obj
 0002:00013b30       _win32_seek_file_func      10051b30 f   iowin32.obj
 0002:00013c20       _win32_seek64_file_func    10051c20 f   iowin32.obj
 0002:00013d20       _win32_close_file_func     10051d20 f   iowin32.obj
 0002:00013d80       _win32_error_file_func     10051d80 f   iowin32.obj
 0002:00013dc0       _fill_win32_filefunc       10051dc0 f   iowin32.obj
 0002:00013e40       _fill_win32_filefunc64     10051e40 f   iowin32.obj
 0002:00013ec0       _fill_win32_filefunc64A    10051ec0 f   iowin32.obj
 0002:00013f40       _fill_win32_filefunc64W    10051f40 f   iowin32.obj
 0002:00013fc0       __tr_init                  10051fc0 f   trees.obj
 0002:000141b0       __tr_stored_block          100521b0 f   trees.obj
 0002:00014340       __tr_flush_bits            10052340 f   trees.obj
 0002:00014370       __tr_align                 10052370 f   trees.obj
 0002:00014660       __tr_flush_block           10052660 f   trees.obj
 0002:00016ce0       __tr_tally                 10054ce0 f   trees.obj
 0002:00017d30       _uncompress@16             10055d30 f   uncompr.obj
 0002:00017e30       _unzStringFileNameCompare@12 10055e30 f   unzip.obj
 0002:00017f80       _unzOpen2@8                10055f80 f   unzip.obj
 0002:00019380       _unzOpen2_64@8             10057380 f   unzip.obj
 0002:000193f0       _unzOpen@4                 100573f0 f   unzip.obj
 0002:00019420       _unzOpen64@4               10057420 f   unzip.obj
 0002:00019450       _unzClose@4                10057450 f   unzip.obj
 0002:000194d0       _unzGetGlobalInfo64@8      100574d0 f   unzip.obj
 0002:00019530       _unzGetGlobalInfo@8        10057530 f   unzip.obj
 0002:00019580       _unzGetCurrentFileInfo64@32 10057580 f   unzip.obj
 0002:00019f90       _unzGetCurrentFileInfo@32  10057f90 f   unzip.obj
 0002:0001a0d0       _unzGoToFirstFile@4        100580d0 f   unzip.obj
 0002:0001a190       _unzGoToNextFile@4         10058190 f   unzip.obj
 0002:0001a310       _unzLocateFile@12          10058310 f   unzip.obj
 0002:0001a4d0       _unzGetFilePos64@8         100584d0 f   unzip.obj
 0002:0001a560       _unzGetFilePos@8           10058560 f   unzip.obj
 0002:0001a5b0       _unzGoToFilePos64@8        100585b0 f   unzip.obj
 0002:0001a670       _unzGoToFilePos@8          10058670 f   unzip.obj
 0002:0001a6d0       _unzOpenCurrentFile3@20    100586d0 f   unzip.obj
 0002:0001af50       _unzOpenCurrentFile@4      10058f50 f   unzip.obj
 0002:0001af80       _unzOpenCurrentFilePassword@8 10058f80 f   unzip.obj
 0002:0001afb0       _unzOpenCurrentFile2@16    10058fb0 f   unzip.obj
 0002:0001aff0       _unzGetCurrentFileZStreamPos64@4 10058ff0 f   unzip.obj
 0002:0001b060       _unzReadCurrentFile@12     10059060 f   unzip.obj
 0002:0001b690       _unztell@4                 10059690 f   unzip.obj
 0002:0001b6f0       _unztell64@4               100596f0 f   unzip.obj
 0002:0001b750       _unzeof@4                  10059750 f   unzip.obj
 0002:0001b7d0       _unzGetLocalExtrafield@12  100597d0 f   unzip.obj
 0002:0001b930       _unzCloseCurrentFile@4     10059930 f   unzip.obj
 0002:0001ba50       _unzGetGlobalComment@12    10059a50 f   unzip.obj
 0002:0001bb50       _unzGetOffset64@4          10059b50 f   unzip.obj
 0002:0001bc20       _unzGetOffset@4            10059c20 f   unzip.obj
 0002:0001bc60       _unzSetOffset64@12         10059c60 f   unzip.obj
 0002:0001bd10       _unzSetOffset@8            10059d10 f   unzip.obj
 0002:0001bd40       _LoadCentralDirectoryRecord 10059d40 f   zip.obj
 0002:0001d300       _zipOpen3@16               1005b300 f   zip.obj
 0002:0001d580       _zipOpen2@16               1005b580 f   zip.obj
 0002:0001d5f0       _zipOpen2_64@16            1005b5f0 f   zip.obj
 0002:0001d670       _zipOpen@8                 1005b670 f   zip.obj
 0002:0001d6a0       _zipOpen64@8               1005b6a0 f   zip.obj
 0002:0001d6d0       _Write_LocalFileHeader     1005b6d0 f   zip.obj
 0002:0001dc20       _zipOpenNewFileInZip4_64@76 1005bc20 f   zip.obj
 0002:0001eaa0       _zipOpenNewFileInZip4@72   1005caa0 f   zip.obj
 0002:0001eb20       _zipOpenNewFileInZip3@64   1005cb20 f   zip.obj
 0002:0001eba0       _zipOpenNewFileInZip3_64@68 1005cba0 f   zip.obj
 0002:0001ec20       _zipOpenNewFileInZip2@44   1005cc20 f   zip.obj
 0002:0001ec90       _zipOpenNewFileInZip2_64@48 1005cc90 f   zip.obj
 0002:0001ed00       _zipOpenNewFileInZip64@44  1005cd00 f   zip.obj
 0002:0001ed70       _zipOpenNewFileInZip@40    1005cd70 f   zip.obj
 0002:0001ede0       _zipWriteInFileInZip@12    1005cde0 f   zip.obj
 0002:0001f200       _zipCloseFileInZipRaw@12   1005d200 f   zip.obj
 0002:0001f230       _zipCloseFileInZipRaw64@16 1005d230 f   zip.obj
 0002:0001fb00       _zipCloseFileInZip@4       1005db00 f   zip.obj
 0002:0001fb30       _Write_Zip64EndOfCentralDirectoryLocator 1005db30 f   zip.obj
 0002:0001fc20       _Write_Zip64EndOfCentralDirectoryRecord 1005dc20 f   zip.obj
 0002:0001fe40       _Write_EndOfCentralDirectoryRecord 1005de40 f   zip.obj
 0002:000200c0       _Write_GlobalComment       1005e0c0 f   zip.obj
 0002:00020180       _zipClose@8                1005e180 f   zip.obj
 0002:000204c0       _zipRemoveExtraInfoBlock@12 1005e4c0 f   zip.obj
 0002:00020640       _zlibVersion@0             1005e640 f   zutil.obj
 0002:00020660       _zlibCompileFlags@0        1005e660 f   zutil.obj
 0002:000207d0       _zError@4                  1005e7d0 f   zutil.obj
 0002:00020800       _zcalloc                   1005e800 f   zutil.obj
 0002:00020840       _zcfree                    1005e840 f   zutil.obj
 0002:00020864       _CreateFileA@28            1005e864 f   kernel32:KERNEL32.dll
 0002:0002086a       _CloseHandle@4             1005e86a f   kernel32:KERNEL32.dll
 0002:00020870       _CreateFileW@28            1005e870 f   kernel32:KERNEL32.dll
 0002:00020876       _GetLastError@0            1005e876 f   kernel32:KERNEL32.dll
 0002:0002087c       _ReadFile@20               1005e87c f   kernel32:KERNEL32.dll
 0002:00020882       _WriteFile@20              1005e882 f   kernel32:KERNEL32.dll
 0002:00020888       _SetFilePointer@16         1005e888 f   kernel32:KERNEL32.dll
 0002:00020890       __allrem                   1005e890 f   LIBCMTD:llrem.obj
 0002:00020970       __allshr                   1005e970 f   LIBCMTD:llshr.obj
 0002:000209a0       _memset                    1005e9a0 f   LIBCMTD:memset.obj
 0002:00020a40       _memcpy                    1005ea40 f   LIBCMTD:memcpy.obj
 0002:00020e80       __lseeki64                 1005ee80 f   LIBCMTD:lseeki64.obj
 0002:00021160       __lseeki64_nolock          1005f160 f   LIBCMTD:lseeki64.obj
 0002:00021290       __wopen                    1005f290 f   LIBCMTD:wopen.obj
 0002:00021470       __wsopen_helper            1005f470 f   LIBCMTD:wopen.obj
 0002:00022b60       __invoke_watson_if_error   10060b60 f i LIBCMTD:wopen.obj
 0002:00022ba0       __wsopen                   10060ba0 f   LIBCMTD:wopen.obj
 0002:00022c30       __wsopen_s                 10060c30 f   LIBCMTD:wopen.obj
 0002:00022c60       _strcpy                    10060c60 f   LIBCMTD:strcat.obj
 0002:00022c70       _strcat                    10060c70 f   LIBCMTD:strcat.obj
 0002:00022da0       _strlen                    10060da0 f   LIBCMTD:strlen.obj
 0002:00022e50       __wcstombs_l_helper        10060e50 f   LIBCMTD:wcstombs.obj
 0002:00023400       ??0_LocaleUpdate@@QAE@PAUlocaleinfo_struct@@@Z 10061400 f i LIBCMTD:wcstombs.obj
 0002:00023510       ??1_LocaleUpdate@@QAE@XZ   10061510 f i LIBCMTD:wcstombs.obj
 0002:00023550       ?GetLocaleT@_LocaleUpdate@@QAEPAUlocaleinfo_struct@@XZ 10061550 f i LIBCMTD:wcstombs.obj
 0002:000235f0       __wcstombs_l               100615f0 f   LIBCMTD:wcstombs.obj
 0002:00023620       _wcstombs                  10061620 f   LIBCMTD:wcstombs.obj
 0002:00023650       __wcstombs_s_l             10061650 f   LIBCMTD:wcstombs.obj
 0002:00023a40       _wcstombs_s                10061a40 f   LIBCMTD:wcstombs.obj
 0002:00023a70       _free                      10061a70 f   LIBCMTD:dbgfree.obj
 0002:00023a90       _malloc                    10061a90 f   LIBCMTD:dbgmalloc.obj
 0002:00023ad0       _sprintf                   10061ad0 f   LIBCMTD:sprintf.obj
 0002:00023cb0       __sprintf_l                10061cb0 f   LIBCMTD:sprintf.obj
 0002:00023cf0       _sprintf_s                 10061cf0 f   LIBCMTD:sprintf.obj
 0002:00023d30       __sprintf_s_l              10061d30 f   LIBCMTD:sprintf.obj
 0002:00023d70       __snprintf_s               10061d70 f   LIBCMTD:sprintf.obj
 0002:00023db0       __snprintf_s_l             10061db0 f   LIBCMTD:sprintf.obj
 0002:00023df0       __sprintf_p                10061df0 f   LIBCMTD:sprintf.obj
 0002:00023e30       __sprintf_p_l              10061e30 f   LIBCMTD:sprintf.obj
 0002:00023e70       __scprintf                 10061e70 f   LIBCMTD:sprintf.obj
 0002:00023ea0       __scprintf_p               10061ea0 f   LIBCMTD:sprintf.obj
 0002:00023ed0       __scprintf_l               10061ed0 f   LIBCMTD:sprintf.obj
 0002:00023f00       __scprintf_p_l             10061f00 f   LIBCMTD:sprintf.obj
 0002:00023f30       _strerror                  10061f30 f   LIBCMTD:strerror.obj
 0002:00024000       __get_sys_err_msg          10062000 f i LIBCMTD:strerror.obj
 0002:00024050       _strerror_s                10062050 f   LIBCMTD:strerror.obj
 0002:000241c0       __dosmaperr                100621c0 f   LIBCMTD:dosmap.obj
 0002:00024200       __get_errno_from_oserr     10062200 f   LIBCMTD:dosmap.obj
 0002:000242a0       __set_errno                100622a0 f   LIBCMTD:dosmap.obj
 0002:000242e0       __get_errno                100622e0 f   LIBCMTD:dosmap.obj
 0002:00024380       __set_doserrno             10062380 f   LIBCMTD:dosmap.obj
 0002:000243c0       __get_doserrno             100623c0 f   LIBCMTD:dosmap.obj
 0002:00024460       __errno                    10062460 f   LIBCMTD:dosmap.obj
 0002:00024490       ___doserrno                10062490 f   LIBCMTD:dosmap.obj
 0002:000244c0       _memchr                    100624c0 f   LIBCMTD:memchr.obj
 0002:000245a0       __fsopen                   100625a0 f   LIBCMTD:fopen.obj
 0002:00024830       _fopen                     10062830 f   LIBCMTD:fopen.obj
 0002:00024850       _fopen_s                   10062850 f   LIBCMTD:fopen.obj
 0002:00024920       _fread_s                   10062920 f   LIBCMTD:fread.obj
 0002:00024aa0       __fread_nolock_s           10062aa0 f   LIBCMTD:fread.obj
 0002:000251f0       _fread                     100631f0 f   LIBCMTD:fread.obj
 0002:00025220       __fread_nolock             10063220 f   LIBCMTD:fread.obj
 0002:00025250       _fwrite                    10063250 f   LIBCMTD:fwrite.obj
 0002:000253a0       __fwrite_nolock            100633a0 f   LIBCMTD:fwrite.obj
 0002:00025860       _ftell                     10063860 f   LIBCMTD:ftell.obj
 0002:00025980       __ftell_nolock             10063980 f   LIBCMTD:ftell.obj
 0002:00025d00       _fseek                     10063d00 f   LIBCMTD:fseek.obj
 0002:00025ed0       __fseek_nolock             10063ed0 f   LIBCMTD:fseek.obj
 0002:00025ff0       _fclose                    10063ff0 f   LIBCMTD:fclose.obj
 0002:00026140       __fclose_nolock            10064140 f   LIBCMTD:fclose.obj
 0002:00026280       _feof                      10064280 f   LIBCMTD:feoferr.obj
 0002:00026310       _ferror                    10064310 f   LIBCMTD:feoferr.obj
 0002:000263a0       __ftelli64                 100643a0 f   LIBCMTD:ftelli64.obj
 0002:00026480       __ftelli64_nolock          10064480 f   LIBCMTD:ftelli64.obj
 0002:00026b80       __fseeki64                 10064b80 f   LIBCMTD:fseeki64.obj
 0002:00026c70       __fseeki64_nolock          10064c70 f   LIBCMTD:fseeki64.obj
 0002:00026e00       _strcmp                    10064e00 f   LIBCMTD:strcmp.obj
 0002:00026eb0       __allshl                   10064eb0 f   LIBCMTD:llshl.obj
 0002:00026ee0       __allmul                   10064ee0 f   LIBCMTD:llmul.obj
 0002:00026f30       __aulldiv                  10064f30 f   LIBCMTD:ulldiv.obj
 0002:00026fc0       __aullshr                  10064fc0 f   LIBCMTD:ullshr.obj
 0002:00026ff0       __alloca_probe             10064ff0     LIBCMTD:chkstk.obj
 0002:00026ff0       __chkstk                   10064ff0 f   LIBCMTD:chkstk.obj
 0002:00027030       _srand                     10065030 f   LIBCMTD:rand.obj
 0002:00027050       _rand                      10065050 f   LIBCMTD:rand.obj
 0002:000270a0       __time64                   100650a0 f   LIBCMTD:time64.obj
 0002:00027140       __CRT_INIT@12              10065140 f   LIBCMTD:dllcrt0.obj
 0002:00027380       __DllMainCRTStartup@12     10065380 f   LIBCMTD:dllcrt0.obj
 0002:000275e0       __VEC_memzero              100655e0 f   LIBCMTD:p4_memset.obj
 0002:00027710       __get_sse2_info            10065710 f   LIBCMTD:cpu_disp.obj
 0002:00027880       ___sse2_available_init     10065880 f   LIBCMTD:cpu_disp.obj
 0002:000278a0       __VEC_memcpy               100658a0 f   LIBCMTD:p4_memcpy.obj
 0002:00027a70       __alloc_osfhnd             10065a70 f   LIBCMTD:osfinfo.obj
 0002:00027dd0       __set_osfhnd               10065dd0 f   LIBCMTD:osfinfo.obj
 0002:00027ed0       __free_osfhnd              10065ed0 f   LIBCMTD:osfinfo.obj
 0002:00027ff0       __get_osfhandle            10065ff0 f   LIBCMTD:osfinfo.obj
 0002:000281b0       __open_osfhandle           100661b0 f   LIBCMTD:osfinfo.obj
 0002:00028470       ___lock_fhandle            10066470 f   LIBCMTD:osfinfo.obj
 0002:000285b0       __unlock_fhandle           100665b0 f   LIBCMTD:osfinfo.obj
 0002:000285f0       __ioinit                   100665f0 f   LIBCMTD:ioinit.obj
 0002:00028bc0       __ioterm                   10066bc0 f   LIBCMTD:ioinit.obj
 0002:00028c90       __initp_misc_invarg        10066c90 f   LIBCMTD:invarg.obj
 0002:00028cb0       __invalid_parameter        10066cb0 f   LIBCMTD:invarg.obj
 0002:00028d40       __invoke_watson            10066d40 f   LIBCMTD:invarg.obj
 0002:00028ee0       __set_invalid_parameter_handler 10066ee0 f   LIBCMTD:invarg.obj
 0002:00028f40       __get_invalid_parameter_handler 10066f40 f   LIBCMTD:invarg.obj
 0002:00028f80       ?_invalid_parameter@@YAXPBG00II@Z 10066f80 f   LIBCMTD:invarg.obj
 0002:00028fb0       ?_invoke_watson@@YAXPBG00II@Z 10066fb0 f   LIBCMTD:invarg.obj
 0002:00028fe0       __CrtSetReportHookW2       10066fe0 f   LIBCMTD:dbgrptw.obj
 0002:000293d0       __CrtDbgReportW            100673d0 f   LIBCMTD:dbgrptw.obj
 0002:00029420       __CrtDbgReportWV           10067420 f i LIBCMTD:dbgrptw.obj
 0002:00029450       ___crtMessageWindowW       10067450 f   LIBCMTD:dbgrptw.obj
 0002:00029950       __invoke_watson_if_oneof   10067950 f i LIBCMTD:dbgrptw.obj
 0002:000299b0       ?_CrtDbgReportW@@YAHHPBGH00ZZ 100679b0 f   LIBCMTD:dbgrptw.obj
 0002:00029a00       __except_handler4          10067a00 f   LIBCMTD:chandler4.obj
 0002:00029cb0       __write                    10067cb0 f   LIBCMTD:write.obj
 0002:00029cb0       _write                     10067cb0 f   LIBCMTD:write.obj
 0002:00029f60       __write_nolock             10067f60 f   LIBCMTD:write.obj
 0002:0002ad70       __chsize_s                 10068d70 f   LIBCMTD:chsize.obj
 0002:0002b0b0       __chsize_nolock            100690b0 f   LIBCMTD:chsize.obj
 0002:0002b3f0       __chsize                   100693f0 f   LIBCMTD:chsize.obj
 0002:0002b420       __read                     10069420 f   LIBCMTD:read.obj
 0002:0002b420       _read                      10069420 f   LIBCMTD:read.obj
 0002:0002b760       __read_nolock              10069760 f   LIBCMTD:read.obj
 0002:0002ca80       _close                     1006aa80 f   LIBCMTD:close.obj
 0002:0002ca80       __close                    1006aa80 f   LIBCMTD:close.obj
 0002:0002cd20       __close_nolock             1006ad20 f   LIBCMTD:close.obj
 0002:0002ce20       __lseek                    1006ae20 f   LIBCMTD:lseek.obj
 0002:0002d0d0       __lseek_nolock             1006b0d0 f   LIBCMTD:lseek.obj
 0002:0002d1e0       __crt_waiting_on_module_handle 1006b1e0 f   LIBCMTD:crt0dat.obj
 0002:0002d250       __cinit                    1006b250 f   LIBCMTD:crt0dat.obj
 0002:0002d320       _exit                      1006b320 f   LIBCMTD:crt0dat.obj
 0002:0002d340       __exit                     1006b340 f   LIBCMTD:crt0dat.obj
 0002:0002d360       __cexit                    1006b360 f   LIBCMTD:crt0dat.obj
 0002:0002d380       __c_exit                   1006b380 f   LIBCMTD:crt0dat.obj
 0002:0002d3a0       __amsg_exit                1006b3a0 f   LIBCMTD:crt0dat.obj
 0002:0002d3f0       ___freeCrtMemory           1006b3f0 f   LIBCMTD:crt0dat.obj
 0002:0002d810       ___crtCorExitProcess       1006b810 f   LIBCMTD:crt0dat.obj
 0002:0002d860       ___crtExitProcess          1006b860 f   LIBCMTD:crt0dat.obj
 0002:0002d890       __lockexit                 1006b890 f   LIBCMTD:crt0dat.obj
 0002:0002d8b0       __unlockexit               1006b8b0 f   LIBCMTD:crt0dat.obj
 0002:0002d8d0       __init_pointers            1006b8d0 f   LIBCMTD:crt0dat.obj
 0002:0002d9c0       __initterm_e               1006b9c0 f   LIBCMTD:crt0dat.obj
 0002:0002da10       __get_wpgmptr              1006ba10 f   LIBCMTD:crt0dat.obj
 0002:0002db40       __get_pgmptr               1006bb40 f   LIBCMTD:crt0dat.obj
 0002:0002dc70       __setmode                  1006bc70 f   LIBCMTD:setmode.obj
 0002:0002dfa0       __setmode_nolock           1006bfa0 f   LIBCMTD:setmode.obj
 0002:0002e2a0       __set_fmode                1006c2a0 f   LIBCMTD:setmode.obj
 0002:0002e380       __get_fmode                1006c380 f   LIBCMTD:setmode.obj
 0002:0002e420       _wcslen                    1006c420 f   LIBCMTD:wcslen.obj
 0002:0002e460       @__security_check_cookie@4 1006c460 f   LIBCMTD:secchk.obj
 0002:0002e480       ___updatetmbcinfo          1006c480 f   LIBCMTD:mbctype.obj
 0002:0002e5d0       __setmbcp                  1006c5d0 f   LIBCMTD:mbctype.obj
 0002:0002ea60       __setmbcp_nolock           1006ca60 f   LIBCMTD:mbctype.obj
 0002:0002f440       __getmbcp                  1006d440 f   LIBCMTD:mbctype.obj
 0002:0002f4d0       ___initmbctable            1006d4d0 f   LIBCMTD:mbctype.obj
 0002:0002f500       ____setlc_active_func      1006d500 f   LIBCMTD:setlocal.obj
 0002:0002f510       ____unguarded_readlc_active_add_func 1006d510 f   LIBCMTD:setlocal.obj
 0002:0002f520       ___freetlocinfo            1006d520 f   LIBCMTD:setlocal.obj
 0002:0002f8c0       ___addlocaleref            1006d8c0 f   LIBCMTD:setlocal.obj
 0002:0002fa30       ___removelocaleref         1006da30 f   LIBCMTD:setlocal.obj
 0002:0002fbb0       ___updatetlocinfo          1006dbb0 f   LIBCMTD:setlocal.obj
 0002:0002fd50       __configthreadlocale       1006dd50 f   LIBCMTD:setlocal.obj
 0002:0002fea0       __locterm                  1006dea0 f   LIBCMTD:setlocal.obj
 0002:0002ff60       __free_locale              1006df60 f   LIBCMTD:setlocal.obj
 0002:000300f0       ___free_locale             1006e0f0 f   LIBCMTD:setlocal.obj
 0002:00030110       __create_locale            1006e110 f   LIBCMTD:setlocal.obj
 0002:000303c0       ___create_locale           1006e3c0 f   LIBCMTD:setlocal.obj
 0002:000303e0       __get_current_locale       1006e3e0 f   LIBCMTD:setlocal.obj
 0002:00030540       ___get_current_locale      1006e540 f   LIBCMTD:setlocal.obj
 0002:00030550       _setlocale                 1006e550 f   LIBCMTD:setlocal.obj
 0002:00031820       __expandlocale             1006f820 f   LIBCMTD:setlocal.obj
 0002:00031b70       ___init_dummy              1006fb70 f   LIBCMTD:setlocal.obj
 0002:00031b80       __strcats                  1006fb80 f   LIBCMTD:setlocal.obj
 0002:00031c20       ___lc_strtolc              1006fc20 f   LIBCMTD:setlocal.obj
 0002:00031ea0       ___lc_lctostr              1006fea0 f   LIBCMTD:setlocal.obj
 0002:00031f60       __encode_pointer           1006ff60 f   LIBCMTD:tidtable.obj
 0002:00032020       __crt_wait_module_handle   10070020 f i LIBCMTD:tidtable.obj
 0002:00032060       __encoded_null             10070060 f   LIBCMTD:tidtable.obj
 0002:00032080       __decode_pointer           10070080 f   LIBCMTD:tidtable.obj
 0002:00032140       ___crtTlsAlloc@4           10070140 f   LIBCMTD:tidtable.obj
 0002:00032160       ___fls_getvalue@4          10070160 f   LIBCMTD:tidtable.obj
 0002:00032190       ___get_flsindex            10070190 f   LIBCMTD:tidtable.obj
 0002:000321a0       ___set_flsgetvalue         100701a0 f   LIBCMTD:tidtable.obj
 0002:00032200       ___fls_setvalue@8          10070200 f   LIBCMTD:tidtable.obj
 0002:00032230       __mtinit                   10070230 f   LIBCMTD:tidtable.obj
 0002:000324c0       __mtterm                   100704c0 f   LIBCMTD:tidtable.obj
 0002:00032530       __initptd                  10070530 f   LIBCMTD:tidtable.obj
 0002:000326e0       __getptd_noexit            100706e0 f   LIBCMTD:tidtable.obj
 0002:000327d0       __getptd                   100707d0 f   LIBCMTD:tidtable.obj
 0002:00032800       __freefls@4                10070800 f   LIBCMTD:tidtable.obj
 0002:00032a90       __freeptd                  10070a90 f   LIBCMTD:tidtable.obj
 0002:00032b30       ___threadid                10070b30 f   LIBCMTD:tidtable.obj
 0002:00032b40       ___threadhandle            10070b40 f   LIBCMTD:tidtable.obj
 0002:00032b50       __malloc_dbg               10070b50 f   LIBCMTD:dbgheap.obj
 0002:00032b90       __nh_malloc                10070b90 f   LIBCMTD:dbgheap.obj
 0002:00032bc0       __nh_malloc_dbg            10070bc0 f   LIBCMTD:dbgheap.obj
 0002:00032cb0       __heap_alloc               10070cb0 f   LIBCMTD:dbgheap.obj
 0002:00033170       __heap_alloc_dbg           10071170 f   LIBCMTD:dbgheap.obj
 0002:000331e0       __calloc_dbg_impl          100711e0 f   LIBCMTD:dbgheap.obj
 0002:000332e0       __calloc_dbg               100712e0 f   LIBCMTD:dbgheap.obj
 0002:00033350       __recalloc                 10071350 f   LIBCMTD:dbgheap.obj
 0002:00033390       __realloc_dbg              10071390 f   LIBCMTD:dbgheap.obj
 0002:00033bd0       __recalloc_dbg             10071bd0 f   LIBCMTD:dbgheap.obj
 0002:00033d10       __expand                   10071d10 f   LIBCMTD:dbgheap.obj
 0002:00033d40       __expand_dbg               10071d40 f   LIBCMTD:dbgheap.obj
 0002:00033e90       __free_nolock              10071e90 f   LIBCMTD:dbgheap.obj
 0002:00033eb0       __free_dbg                 10071eb0 f   LIBCMTD:dbgheap.obj
 0002:00033f50       __free_dbg_nolock          10071f50 f   LIBCMTD:dbgheap.obj
 0002:00034570       __msize                    10072570 f   LIBCMTD:dbgheap.obj
 0002:00034590       __msize_dbg                10072590 f   LIBCMTD:dbgheap.obj
 0002:000347f0       __CrtSetBreakAlloc         100727f0 f   LIBCMTD:dbgheap.obj
 0002:00034820       __CrtSetDbgBlockType       10072820 f   LIBCMTD:dbgheap.obj
 0002:00034940       __CrtSetAllocHook          10072940 f   LIBCMTD:dbgheap.obj
 0002:00034970       __CrtGetAllocHook          10072970 f   LIBCMTD:dbgheap.obj
 0002:000349e0       __CrtCheckMemory           100729e0 f   LIBCMTD:dbgheap.obj
 0002:00034f50       __CrtSetDbgFlag            10072f50 f   LIBCMTD:dbgheap.obj
 0002:000350f0       __CrtDoForAllClientObjects 100730f0 f   LIBCMTD:dbgheap.obj
 0002:00035260       __CrtIsValidPointer        10073260 f   LIBCMTD:dbgheap.obj
 0002:00035280       __CrtIsValidHeapPointer    10073280 f   LIBCMTD:dbgheap.obj
 0002:00035340       __CrtIsMemoryBlock         10073340 f   LIBCMTD:dbgheap.obj
 0002:00035510       __CrtReportBlockType       10073510 f   LIBCMTD:dbgheap.obj
 0002:00035550       __CrtSetDumpClient         10073550 f   LIBCMTD:dbgheap.obj
 0002:00035580       __CrtGetDumpClient         10073580 f   LIBCMTD:dbgheap.obj
 0002:00035590       __CrtMemCheckpoint         10073590 f   LIBCMTD:dbgheap.obj
 0002:00035830       __CrtMemDifference         10073830 f   LIBCMTD:dbgheap.obj
 0002:00035ad0       __CrtMemDumpAllObjectsSince 10073ad0 f   LIBCMTD:dbgheap.obj
 0002:00036100       __CrtDumpMemoryLeaks       10074100 f   LIBCMTD:dbgheap.obj
 0002:00036190       __CrtMemDumpStatistics     10074190 f   LIBCMTD:dbgheap.obj
 0002:000362e0       __aligned_malloc           100742e0 f   LIBCMTD:dbgheap.obj
 0002:00036310       __aligned_malloc_dbg       10074310 f   LIBCMTD:dbgheap.obj
 0002:00036340       __aligned_realloc          10074340 f   LIBCMTD:dbgheap.obj
 0002:00036370       __aligned_recalloc         10074370 f   LIBCMTD:dbgheap.obj
 0002:000363a0       __aligned_realloc_dbg      100743a0 f   LIBCMTD:dbgheap.obj
 0002:000363d0       __aligned_recalloc_dbg     100743d0 f   LIBCMTD:dbgheap.obj
 0002:00036410       __aligned_offset_malloc    10074410 f   LIBCMTD:dbgheap.obj
 0002:00036440       __aligned_offset_malloc_dbg 10074440 f   LIBCMTD:dbgheap.obj
 0002:00036650       __aligned_offset_realloc   10074650 f   LIBCMTD:dbgheap.obj
 0002:00036680       __aligned_offset_recalloc  10074680 f   LIBCMTD:dbgheap.obj
 0002:000366b0       __aligned_offset_realloc_dbg 100746b0 f   LIBCMTD:dbgheap.obj
 0002:00036a30       __aligned_offset_recalloc_dbg 10074a30 f   LIBCMTD:dbgheap.obj
 0002:00036b80       __aligned_free             10074b80 f   LIBCMTD:dbgheap.obj
 0002:00036ba0       __aligned_free_dbg         10074ba0 f   LIBCMTD:dbgheap.obj
 0002:00036c80       __CrtSetDebugFillThreshold 10074c80 f   LIBCMTD:dbgheap.obj
 0002:00036cb0       __CrtSetCheckCount         10074cb0 f   LIBCMTD:dbgheap.obj
 0002:00036cd0       __CrtGetCheckCount         10074cd0 f   LIBCMTD:dbgheap.obj
 0002:00036ce0       __aligned_msize            10074ce0 f   LIBCMTD:dbgheap.obj
 0002:00036d10       __aligned_msize_dbg        10074d10 f   LIBCMTD:dbgheap.obj
 0002:00036e60       __flsbuf                   10074e60 f   LIBCMTD:_flsbuf.obj
 0002:000371d0       __output_l                 100751d0 f   LIBCMTD:output.obj
 0002:00038b10       _get_int_arg               10076b10 f i LIBCMTD:output.obj
 0002:00038b40       _get_int64_arg             10076b40 f i LIBCMTD:output.obj
 0002:00038b70       _get_short_arg             10076b70 f i LIBCMTD:output.obj
 0002:00038ba0       __vsprintf_l               10076ba0 f   LIBCMTD:vsprintf.obj
 0002:00038d70       _vsprintf                  10076d70 f   LIBCMTD:vsprintf.obj
 0002:00038da0       __vscprintf_helper         10076da0 f   LIBCMTD:vsprintf.obj
 0002:00038e90       __vscprintf                10076e90 f   LIBCMTD:vsprintf.obj
 0002:00038ec0       __vscprintf_l              10076ec0 f   LIBCMTD:vsprintf.obj
 0002:00038ef0       __vscprintf_p              10076ef0 f   LIBCMTD:vsprintf.obj
 0002:00038f20       __vscprintf_p_l            10076f20 f   LIBCMTD:vsprintf.obj
 0002:00038f50       __vsnprintf_helper         10076f50 f   LIBCMTD:vsnprnc.obj
 0002:00039190       __vsnprintf_c              10077190 f   LIBCMTD:vsnprnc.obj
 0002:000391f0       __vsnprintf_c_l            100771f0 f   LIBCMTD:vsnprnc.obj
 0002:00039250       __vsprintf_s_l             10077250 f   LIBCMTD:vsnprnc.obj
 0002:00039550       _vsprintf_s                10077550 f   LIBCMTD:vsnprnc.obj
 0002:00039580       __vsnprintf_s_l            10077580 f   LIBCMTD:vsnprnc.obj
 0002:00039a00       __vsnprintf_s              10077a00 f   LIBCMTD:vsnprnc.obj
 0002:00039a30       __vsprintf_p               10077a30 f   LIBCMTD:vsnprnc.obj
 0002:00039a90       __vsprintf_p_l             10077a90 f   LIBCMTD:vsnprnc.obj
 0002:00039af0       _strcpy_s                  10077af0 f   LIBCMTD:strcpy_s.obj
 0002:00039e80       ___sys_nerr                10077e80 f   LIBCMTD:syserr.obj
 0002:00039e90       ___sys_errlist             10077e90 f   LIBCMTD:syserr.obj
 0002:00039ea0       _strncpy_s                 10077ea0 f   LIBCMTD:strncpy_s.obj
 0002:0003a390       __vsnprintf_l              10078390 f   LIBCMTD:vsnprint.obj
 0002:0003a5a0       __vsnprintf                100785a0 f   LIBCMTD:vsnprint.obj
 0002:0003a5a0       _vsnprintf                 100785a0 f   LIBCMTD:vsnprint.obj
 0002:0003a5d0       ___iob_func                100785d0 f   LIBCMTD:_file.obj
 0002:0003a5e0       ___initstdio               100785e0 f   LIBCMTD:_file.obj
 0002:0003a780       ___endstdio                10078780 f   LIBCMTD:_file.obj
 0002:0003a7c0       __lock_file                100787c0 f   LIBCMTD:_file.obj
 0002:0003a830       __lock_file2               10078830 f   LIBCMTD:_file.obj
 0002:0003a880       __unlock_file              10078880 f   LIBCMTD:_file.obj
 0002:0003a8f0       __unlock_file2             100788f0 f   LIBCMTD:_file.obj
 0002:0003a940       __openfile                 10078940 f   LIBCMTD:_open.obj
 0002:0003b2f0       __getstream                100792f0 f   LIBCMTD:stream.obj
 0002:0003b5e4       __local_unwind4            100795e4 f   LIBCMTD:exsup4.obj
 0002:0003b6ba       __seh_longjmp_unwind4@4    100796ba f   LIBCMTD:exsup4.obj
 0002:0003b6d6       @_EH4_CallFilterFunc@8     100796d6 f   LIBCMTD:exsup4.obj
 0002:0003b6ed       @_EH4_TransferToHandler@8  100796ed f   LIBCMTD:exsup4.obj
 0002:0003b706       @_EH4_GlobalUnwind@4       10079706 f   LIBCMTD:exsup4.obj
 0002:0003b720       @_EH4_LocalUnwind@16       10079720 f   LIBCMTD:exsup4.obj
 0002:0003b790       __filbuf                   10079790 f   LIBCMTD:_filbuf.obj
 0002:0003ba70       __fileno                   10079a70 f   LIBCMTD:fileno.obj
 0002:0003bb00       _memcpy_s                  10079b00 f   LIBCMTD:memcpy_s.obj
 0002:0003bcf0       _fflush                    10079cf0 f   LIBCMTD:fflush.obj
 0002:0003bdb0       __fflush_nolock            10079db0 f   LIBCMTD:fflush.obj
 0002:0003be20       __flush                    10079e20 f   LIBCMTD:fflush.obj
 0002:0003bf10       __flushall                 10079f10 f   LIBCMTD:fflush.obj
 0002:0003c140       __freebuf                  1007a140 f   LIBCMTD:_freebuf.obj
 0002:0003c1f0       __setenvp                  1007a1f0 f   LIBCMTD:stdenvp.obj
 0002:0003c400       __setargv                  1007a400 f   LIBCMTD:stdargv.obj
 0002:0003c560       __set_pgmptr               1007a560 f i LIBCMTD:stdargv.obj
 0002:0003c9c0       ___crtGetEnvironmentStringsA 1007a9c0 f   LIBCMTD:a_env.obj
 0002:0003cc60       __RTC_Initialize           1007ac60 f   LIBCMTD:_initsect_.obj
 0002:0003cc90       __RTC_Terminate            1007ac90 f   LIBCMTD:_initsect_.obj
 0002:0003ccc0       ___heap_select             1007acc0 f   LIBCMTD:heapinit.obj
 0002:0003cce0       __heap_init                1007ace0 f   LIBCMTD:heapinit.obj
 0002:0003cd80       __heap_term                1007ad80 f   LIBCMTD:heapinit.obj
 0002:0003ce50       __get_heap_handle          1007ae50 f   LIBCMTD:heapinit.obj
 0002:0003cea0       ___security_init_cookie    1007aea0 f   LIBCMTD:gs_support.obj
 0002:0003cfc0       __initp_misc_winxfltr      1007afc0 f   LIBCMTD:winxfltr.obj
 0002:0003cfd0       ___CppXcptFilter           1007afd0 f   LIBCMTD:winxfltr.obj
 0002:0003d000       __XcptFilter               1007b000 f   LIBCMTD:winxfltr.obj
 0002:0003d2b0       _DllMain@12                1007b2b0 f   LIBCMTD:dllmain.obj
 0002:0003d2d0       __mtinitlocks              1007b2d0 f   LIBCMTD:mlock.obj
 0002:0003d380       __mtdeletelocks            1007b380 f   LIBCMTD:mlock.obj
 0002:0003d470       __mtinitlocknum            1007b470 f   LIBCMTD:mlock.obj
 0002:0003d610       __lock                     1007b610 f   LIBCMTD:mlock.obj
 0002:0003d660       __unlock                   1007b660 f   LIBCMTD:mlock.obj
 0002:0003d680       __lockerr_exit             1007b680 f   LIBCMTD:mlock.obj
 0002:0003d6b0       __initp_misc_initcrit      1007b6b0 f   LIBCMTD:initcrit.obj
 0002:0003d6d0       ___crtInitCritSecAndSpinCount 1007b6d0 f   LIBCMTD:initcrit.obj
 0002:0003d7a0       __CrtDefaultAllocHook      1007b7a0 f   LIBCMTD:dbghook.obj
 0002:0003d7b0       __crt_debugger_hook        1007b7b0 f   LIBCMTD:dbghook.obj
 0002:0003d7d0       __CrtDbgBreak              1007b7d0 f   LIBCMTD:dbgrptt.obj
 0002:0003d7e0       __CrtSetReportMode         1007b7e0 f   LIBCMTD:dbgrptt.obj
 0002:0003d970       __CrtSetReportFile         1007b970 f   LIBCMTD:dbgrptt.obj
 0002:0003daa0       __CrtSetReportHook         1007baa0 f   LIBCMTD:dbgrptt.obj
 0002:0003dad0       __CrtGetReportHook         1007bad0 f   LIBCMTD:dbgrptt.obj
 0002:0003dae0       __VCrtDbgReportA           1007bae0 f   LIBCMTD:dbgrptt.obj
 0002:0003e510       __VCrtDbgReportW           1007c510 f   LIBCMTD:dbgrptt.obj
 0002:0003f090       __initp_misc_winsig        1007d090 f   LIBCMTD:winsig.obj
 0002:0003f0d0       _signal                    1007d0d0 f   LIBCMTD:winsig.obj
 0002:0003f6a0       _raise                     1007d6a0 f   LIBCMTD:winsig.obj
 0002:0003faf0       ___get_sigabrt             1007daf0 f   LIBCMTD:winsig.obj
 0002:0003fb10       ___fpecode                 1007db10 f   LIBCMTD:winsig.obj
 0002:0003fb30       ___pxcptinfoptrs           1007db30 f   LIBCMTD:winsig.obj
 0002:0003fb50       ___crtMessageBoxW          1007db50 f   LIBCMTD:crtmboxw.obj
 0002:0003fe00       __swprintf                 1007de00 f   LIBCMTD:swprintf.obj
 0002:00040050       ___swprintf_l              1007e050 f   LIBCMTD:swprintf.obj
 0002:00040090       _swprintf_s                1007e090 f   LIBCMTD:swprintf.obj
 0002:000400d0       __snwprintf_s              1007e0d0 f   LIBCMTD:swprintf.obj
 0002:00040110       __swprintf_p               1007e110 f   LIBCMTD:swprintf.obj
 0002:00040150       __swprintf_s_l             1007e150 f   LIBCMTD:swprintf.obj
 0002:00040190       __snwprintf_s_l            1007e190 f   LIBCMTD:swprintf.obj
 0002:000401d0       __swprintf_p_l             1007e1d0 f   LIBCMTD:swprintf.obj
 0002:00040210       __scwprintf                1007e210 f   LIBCMTD:swprintf.obj
 0002:00040240       __scwprintf_p              1007e240 f   LIBCMTD:swprintf.obj
 0002:00040270       __scwprintf_l              1007e270 f   LIBCMTD:swprintf.obj
 0002:000402a0       __scwprintf_p_l            1007e2a0 f   LIBCMTD:swprintf.obj
 0002:000402d0       _wcscpy_s                  1007e2d0 f   LIBCMTD:wcscpy_s.obj
 0002:00040670       __ValidateImageBase        1007e670 f   LIBCMTD:pesect.obj
 0002:000406f0       __FindPESection            1007e6f0 f   LIBCMTD:pesect.obj
 0002:00040790       __IsNonwritableInCurrentImage 1007e790 f   LIBCMTD:pesect.obj
 0002:000408f0       __putwch                   1007e8f0 f   LIBCMTD:putwch.obj
 0002:000409a0       __putwch_nolock            1007e9a0 f   LIBCMTD:putwch.obj
 0002:00040ae0       __cputws                   1007eae0 f   LIBCMTD:putwch.obj
 0002:00040c80       __mbtowc_l                 1007ec80 f   LIBCMTD:mbtowc.obj
 0002:00040f20       _mbtowc                    1007ef20 f   LIBCMTD:mbtowc.obj
 0002:00040f50       __isleadbyte_l             1007ef50 f i LIBCMTD:_wctype.obj
 0002:00040fb0       _isleadbyte                1007efb0 f i LIBCMTD:_wctype.obj
 0002:00040fd0       __iswalpha_l               1007efd0 f i LIBCMTD:_wctype.obj
 0002:00041000       _iswalpha                  1007f000 f i LIBCMTD:_wctype.obj
 0002:00041020       __iswupper_l               1007f020 f i LIBCMTD:_wctype.obj
 0002:00041040       _iswupper                  1007f040 f i LIBCMTD:_wctype.obj
 0002:00041060       __iswlower_l               1007f060 f i LIBCMTD:_wctype.obj
 0002:00041080       _iswlower                  1007f080 f i LIBCMTD:_wctype.obj
 0002:000410a0       __iswdigit_l               1007f0a0 f i LIBCMTD:_wctype.obj
 0002:000410c0       _iswdigit                  1007f0c0 f i LIBCMTD:_wctype.obj
 0002:000410e0       __iswxdigit_l              1007f0e0 f i LIBCMTD:_wctype.obj
 0002:00041110       _iswxdigit                 1007f110 f i LIBCMTD:_wctype.obj
 0002:00041130       __iswspace_l               1007f130 f i LIBCMTD:_wctype.obj
 0002:00041150       _iswspace                  1007f150 f i LIBCMTD:_wctype.obj
 0002:00041170       __iswpunct_l               1007f170 f i LIBCMTD:_wctype.obj
 0002:00041190       _iswpunct                  1007f190 f i LIBCMTD:_wctype.obj
 0002:000411b0       __iswalnum_l               1007f1b0 f i LIBCMTD:_wctype.obj
 0002:000411e0       _iswalnum                  1007f1e0 f i LIBCMTD:_wctype.obj
 0002:00041200       __iswprint_l               1007f200 f i LIBCMTD:_wctype.obj
 0002:00041230       _iswprint                  1007f230 f i LIBCMTD:_wctype.obj
 0002:00041250       __iswgraph_l               1007f250 f i LIBCMTD:_wctype.obj
 0002:00041280       _iswgraph                  1007f280 f i LIBCMTD:_wctype.obj
 0002:000412a0       __iswcntrl_l               1007f2a0 f i LIBCMTD:_wctype.obj
 0002:000412c0       _iswcntrl                  1007f2c0 f i LIBCMTD:_wctype.obj
 0002:000412e0       _iswascii                  1007f2e0 f i LIBCMTD:_wctype.obj
 0002:00041300       __iswcsym_l                1007f300 f i LIBCMTD:_wctype.obj
 0002:00041350       ___iswcsym                 1007f350 f i LIBCMTD:_wctype.obj
 0002:000413a0       __iswcsymf_l               1007f3a0 f i LIBCMTD:_wctype.obj
 0002:000413f0       ___iswcsymf                1007f3f0 f i LIBCMTD:_wctype.obj
 0002:00041440       __isatty                   1007f440 f   LIBCMTD:isatty.obj
 0002:00041560       __onexit                   1007f560 f   LIBCMTD:onexit.obj
 0002:000417b0       _atexit                    1007f7b0 f   LIBCMTD:onexit.obj
 0002:000417e0       ___onexitinit              1007f7e0 f   LIBCMTD:onexit.obj
 0002:00041850       __initp_misc_cfltcvt_tab   1007f850 f   LIBCMTD:cmiscdat.obj
 0002:000418b0       __FF_MSGBANNER             1007f8b0 f   LIBCMTD:crt0msg.obj
 0002:00041910       __NMSG_WRITE               1007f910 f   LIBCMTD:crt0msg.obj
 0002:00041c50       __GET_RTERRMSG             1007fc50 f   LIBCMTD:crt0msg.obj
 0002:00041cb0       __initp_eh_hooks           1007fcb0 f   LIBCMTD:hooks.obj
 0002:00041cd0       ?terminate@@YAXXZ          1007fcd0 f   LIBCMTD:hooks.obj
 0002:00041d70       ?unexpected@@YAXXZ         1007fd70 f   LIBCMTD:hooks.obj
 0002:00041da0       ?_inconsistency@@YAXXZ     1007fda0 f   LIBCMTD:hooks.obj
 0002:00041e50       __initp_misc_rand_s        1007fe50 f   LIBCMTD:rand_s.obj
 0002:00041e70       _rand_s                    1007fe70 f   LIBCMTD:rand_s.obj
 0002:00042120       ___getlocaleinfo           10080120 f   LIBCMTD:inithelp.obj
 0002:00042470       __initp_misc_purevirt      10080470 f   LIBCMTD:inithelp.obj
 0002:00042490       __initp_heap_handler       10080490 f   LIBCMTD:handler.obj
 0002:000424b0       ?_set_new_handler@@YAP6AHI@ZP6AHI@Z@Z 100804b0 f   LIBCMTD:handler.obj
 0002:00042510       ?_set_new_handler@@YAP6AHI@ZH@Z 10080510 f   LIBCMTD:handler.obj
 0002:00042560       ?_query_new_handler@@YAP6AHI@ZXZ 10080560 f   LIBCMTD:handler.obj
 0002:00042580       __callnewh                 10080580 f   LIBCMTD:handler.obj
 0002:000425d0       ___report_gsfailure        100805d0 f   LIBCMTD:gs_report.obj
 0002:00042730       ?_JumpToContinuation@@YGXPAXPAUEHRegistrationNode@@@Z 10080730 f   LIBCMTD:_trnsctrl_.obj
 0002:00042780       ?_CallMemberFunction0@@YGXPAX0@Z 10080780 f   LIBCMTD:_trnsctrl_.obj
 0002:00042790       ?_CallMemberFunction1@@YGXPAX00@Z 10080790 f   LIBCMTD:_trnsctrl_.obj
 0002:000427a0       ?_CallMemberFunction2@@YGXPAX00H@Z 100807a0 f   LIBCMTD:_trnsctrl_.obj
 0002:000427b0       ?_UnwindNestedFrames@@YGXPAUEHRegistrationNode@@PAUEHExceptionRecord@@@Z 100807b0 f   LIBCMTD:_trnsctrl_.obj
 0002:00042820       ___CxxFrameHandler         10080820 f   LIBCMTD:_trnsctrl_.obj
 0002:00042870       ___CxxFrameHandler3        10080870 f   LIBCMTD:_trnsctrl_.obj
 0002:000428c0       ___CxxFrameHandler2        100808c0 f   LIBCMTD:_trnsctrl_.obj
 0002:00042910       ___CxxLongjmpUnwind@4      10080910 f   LIBCMTD:_trnsctrl_.obj
 0002:00042950       ?_CallCatchBlock2@@YAPAXPAUEHRegistrationNode@@PBU_s_FuncInfo@@PAXHK@Z 10080950 f   LIBCMTD:_trnsctrl_.obj
 0002:00042a40       ?_CallSETranslator@@YAHPAUEHExceptionRecord@@PAUEHRegistrationNode@@PAX2PBU_s_FuncInfo@@H1@Z 10080a40 f   LIBCMTD:_trnsctrl_.obj
 0002:00042c50       ?_GetRangeOfTrysToCheck@@YAPBU_s_TryBlockMapEntry@@PBU_s_FuncInfo@@HHPAI1@Z 10080c50 f   LIBCMTD:_trnsctrl_.obj
 0002:00042cf0       __CreateFrameInfo          10080cf0 f   LIBCMTD:_trnsctrl_.obj
 0002:00042d30       __IsExceptionObjectToBeDestroyed 10080d30 f   LIBCMTD:_trnsctrl_.obj
 0002:00042d70       __FindAndUnlinkFrame       10080d70 f   LIBCMTD:_trnsctrl_.obj
 0002:00042de0       ___crtLCMapStringA         10080de0 f   LIBCMTD:a_map.obj
 0002:00043490       __MarkAllocaS              10081490 f i LIBCMTD:a_map.obj
 0002:000434c0       __freea                    100814c0 f i LIBCMTD:a_map.obj
 0002:000435a0       ___crtGetStringTypeA       100815a0 f   LIBCMTD:a_str.obj
 0002:000438d0       ___pwctype_func            100818d0 f   LIBCMTD:ctype.obj
 0002:000438e0       ___pctype_func             100818e0 f   LIBCMTD:ctype.obj
 0002:00043940       ___init_time               10081940 f   LIBCMTD:inittime.obj
 0002:00044220       ___free_lc_time            10082220 f   LIBCMTD:inittime.obj
 0002:000445f0       ___init_numeric            100825f0 f   LIBCMTD:initnum.obj
 0002:00044a20       ___free_lconv_num          10082a20 f   LIBCMTD:initnum.obj
 0002:00044ab0       ___init_monetary           10082ab0 f   LIBCMTD:initmon.obj
 0002:000450f0       ___free_lconv_mon          100830f0 f   LIBCMTD:initmon.obj
 0002:00045220       ___init_ctype              10083220 f   LIBCMTD:initctyp.obj
 0002:00045940       ____mb_cur_max_func        10083940 f   LIBCMTD:initctyp.obj
 0002:000459a0       ____mb_cur_max_l_func      100839a0 f   LIBCMTD:initctyp.obj
 0002:000459e0       ____lc_codepage_func       100839e0 f   LIBCMTD:initctyp.obj
 0002:00045a40       ____lc_collate_cp_func     10083a40 f   LIBCMTD:initctyp.obj
 0002:00045aa0       ____lc_handle_func         10083aa0 f   LIBCMTD:initctyp.obj
 0002:00045b00       ___init_collate            10083b00 f   LIBCMTD:initcoll.obj
 0002:00045b10       __Getdays_l                10083b10 f   LIBCMTD:strftime.obj
 0002:00045d40       __Getdays                  10083d40 f   LIBCMTD:strftime.obj
 0002:00045d60       __Getmonths_l              10083d60 f   LIBCMTD:strftime.obj
 0002:00045f90       __Getmonths                10083f90 f   LIBCMTD:strftime.obj
 0002:00045fb0       __Gettnames_l              10083fb0 f   LIBCMTD:strftime.obj
 0002:00046670       __Gettnames                10084670 f   LIBCMTD:strftime.obj
 0002:00046690       __strftime_l               10084690 f   LIBCMTD:strftime.obj
 0002:000466c0       _strftime                  100846c0 f   LIBCMTD:strftime.obj
 0002:000466f0       __Strftime                 100846f0 f   LIBCMTD:strftime.obj
 0002:00046720       __Strftime_l               10084720 f   LIBCMTD:strftime.obj
 0002:00048ca0       _localeconv                10086ca0 f   LIBCMTD:lconv.obj
 0002:00048d00       _strcspn                   10086d00 f   LIBCMTD:strcspn.obj
 0002:00048d60       _strncmp                   10086d60 f   LIBCMTD:strncmp.obj
 0002:00048f30       _strpbrk                   10086f30 f   LIBCMTD:strpbrk.obj
 0002:00048f80       _memcmp                    10086f80 f   LIBCMTD:memcmp.obj
 0002:00049ca0       _strcat_s                  10087ca0 f   LIBCMTD:strcat_s.obj
 0002:0004a170       ___get_qualified_locale    10088170 f   LIBCMTD:getqloc.obj
 0002:0004b390       _V6_HeapAlloc              10089390 f   LIBCMTD:malloc.obj
 0002:0004b450       __malloc_base              10089450 f   LIBCMTD:malloc.obj
 0002:0004b500       __heap_alloc_base          10089500 f i LIBCMTD:malloc.obj
 0002:0004b5f0       __CrtSetReportHook2        100895f0 f   LIBCMTD:dbgrpt.obj
 0002:0004b9e0       __CrtDbgReport             100899e0 f   LIBCMTD:dbgrpt.obj
 0002:0004ba30       __CrtDbgReportV            10089a30 f i LIBCMTD:dbgrpt.obj
 0002:0004ba60       ___crtMessageWindowA       10089a60 f   LIBCMTD:dbgrpt.obj
 0002:0004bf60       __expand_base              10089f60 f   LIBCMTD:expand.obj
 0002:0004c2e0       __realloc_base             1008a2e0 f   LIBCMTD:realloc.obj
 0002:0004c760       __free_base                1008a760 f   LIBCMTD:free.obj
 0002:0004c8d0       __heapchk                  1008a8d0 f   LIBCMTD:heapchk.obj
 0002:0004c9e0       __heapset                  1008a9e0 f   LIBCMTD:heapchk.obj
 0002:0004c9f0       __get_sbh_threshold        1008a9f0 f   LIBCMTD:sbheap.obj
 0002:0004ca50       __set_sbh_threshold        1008aa50 f   LIBCMTD:sbheap.obj
 0002:0004cc50       __set_amblksiz             1008ac50 f   LIBCMTD:sbheap.obj
 0002:0004cda0       __get_amblksiz             1008ada0 f   LIBCMTD:sbheap.obj
 0002:0004ced0       ___sbh_heap_init           1008aed0 f   LIBCMTD:sbheap.obj
 0002:0004cf50       ___sbh_find_block          1008af50 f   LIBCMTD:sbheap.obj
 0002:0004cfc0       ___sbh_verify_block        1008afc0 f   LIBCMTD:sbheap.obj
 0002:0004d030       ___sbh_free_block          1008b030 f   LIBCMTD:sbheap.obj
 0002:0004d760       ___sbh_alloc_block         1008b760 f   LIBCMTD:sbheap.obj
 0002:0004ddd0       ___sbh_alloc_new_region    1008bdd0 f   LIBCMTD:sbheap.obj
 0002:0004df30       ___sbh_alloc_new_group     1008bf30 f   LIBCMTD:sbheap.obj
 0002:0004e1a0       ___sbh_resize_block        1008c1a0 f   LIBCMTD:sbheap.obj
 0002:0004e8e0       ___sbh_heapmin             1008c8e0 f   LIBCMTD:sbheap.obj
 0002:0004ea60       ___sbh_heap_check          1008ca60 f   LIBCMTD:sbheap.obj
 0002:0004f090       __chvalidator              1008d090 f   LIBCMTD:isctype.obj
 0002:0004f0f0       __chvalidator_l            1008d0f0 f   LIBCMTD:isctype.obj
 0002:0004f1d0       __isctype_l                1008d1d0 f   LIBCMTD:isctype.obj
 0002:0004f330       __isctype                  1008d330 f   LIBCMTD:isctype.obj
 0002:0004f380       __getbuf                   1008d380 f   LIBCMTD:_getbuf.obj
 0002:0004f470       _printf                    1008d470 f   LIBCMTD:printf.obj
 0002:0004f600       __printf_l                 1008d600 f   LIBCMTD:printf.obj
 0002:0004f630       __printf_s_l               1008d630 f   LIBCMTD:printf.obj
 0002:0004f660       _printf_s                  1008d660 f   LIBCMTD:printf.obj
 0002:0004f690       __printf_p_l               1008d690 f   LIBCMTD:printf.obj
 0002:0004f6c0       __printf_p                 1008d6c0 f   LIBCMTD:printf.obj
 0002:0004f6f0       __set_printf_count_output  1008d6f0 f   LIBCMTD:printf.obj
 0002:0004f750       __get_printf_count_output  1008d750 f   LIBCMTD:printf.obj
 0002:0004f780       __wctomb_s_l               1008d780 f   LIBCMTD:wctomb.obj
 0002:0004fb40       _wctomb_s                  1008db40 f   LIBCMTD:wctomb.obj
 0002:0004fb70       __wctomb_l                 1008db70 f   LIBCMTD:wctomb.obj
 0002:0004fc10       _wctomb                    1008dc10 f   LIBCMTD:wctomb.obj
 0002:0004fc70       __aullrem                  1008dc70 f   LIBCMTD:ullrem.obj
 0002:0004fd10       __validate_param_reuseA    1008dd10 f   LIBCMTD:outputp.obj
 0002:00050020       __output_p_l               1008e020 f   LIBCMTD:outputp.obj
 0002:00054ae0       _get_crtdouble_arg         10092ae0 f i LIBCMTD:outputp.obj
 0002:00054b10       __output_s_l               10092b10 f   LIBCMTD:outputs.obj
 0002:00056600       __fcloseall                10094600 f   LIBCMTD:closeall.obj
 0002:00056780       _open                      10094780 f   LIBCMTD:open.obj
 0002:00056780       __open                     10094780 f   LIBCMTD:open.obj
 0002:00056960       __sopen_helper             10094960 f   LIBCMTD:open.obj
 0002:00058050       __sopen                    10096050 f   LIBCMTD:open.obj
 0002:000580e0       __sopen_s                  100960e0 f   LIBCMTD:open.obj
 0002:00058110       __mbsnbicmp_l              10096110 f   LIBCMTD:mbsnbicm.obj
 0002:000586e0       __mbsnbicmp                100966e0 f   LIBCMTD:mbsnbicm.obj
 0002:00058710       __mbsnbcmp_l               10096710 f   LIBCMTD:mbsnbcmp.obj
 0002:00058ab0       __mbsnbcmp                 10096ab0 f   LIBCMTD:mbsnbcmp.obj
 0002:00058ad4       __global_unwind2           10096ad4 f   LIBCMTD:exsup.obj
 0002:00058b39       __local_unwind2            10096b39 f   LIBCMTD:exsup.obj
 0002:00058bbd       __abnormal_termination     10096bbd f   LIBCMTD:exsup.obj
 0002:00058be0       __NLG_Notify1              10096be0 f   LIBCMTD:exsup.obj
 0002:00058be9       __NLG_Notify               10096be9 f   LIBCMTD:exsup.obj
 0002:00058c00       __NLG_Dispatch2            10096c00     LIBCMTD:exsup.obj
 0002:00058c00       __NLG_Dispatch             10096c00     LIBCMTD:exsup.obj
 0002:00058c08       __NLG_Call                 10096c08 f   LIBCMTD:exsup.obj
 0002:00058c0a       __NLG_Return2              10096c0a     LIBCMTD:exsup.obj
 0002:00058c60       __commit                   10096c60 f   LIBCMTD:commit.obj
 0002:00058f00       __ismbbkalnum_l            10096f00 f   LIBCMTD:ismbbyte.obj
 0002:00058f30       __ismbbkalnum              10096f30 f   LIBCMTD:ismbbyte.obj
 0002:00058f50       __ismbbkprint_l            10096f50 f   LIBCMTD:ismbbyte.obj
 0002:00058f80       __ismbbkprint              10096f80 f   LIBCMTD:ismbbyte.obj
 0002:00058fa0       __ismbbkpunct_l            10096fa0 f   LIBCMTD:ismbbyte.obj
 0002:00058fd0       __ismbbkpunct              10096fd0 f   LIBCMTD:ismbbyte.obj
 0002:00058ff0       __ismbbalnum_l             10096ff0 f   LIBCMTD:ismbbyte.obj
 0002:00059020       __ismbbalnum               10097020 f   LIBCMTD:ismbbyte.obj
 0002:00059050       __ismbbalpha_l             10097050 f   LIBCMTD:ismbbyte.obj
 0002:00059080       __ismbbalpha               10097080 f   LIBCMTD:ismbbyte.obj
 0002:000590b0       __ismbbgraph_l             100970b0 f   LIBCMTD:ismbbyte.obj
 0002:000590e0       __ismbbgraph               100970e0 f   LIBCMTD:ismbbyte.obj
 0002:00059110       __ismbbprint_l             10097110 f   LIBCMTD:ismbbyte.obj
 0002:00059140       __ismbbprint               10097140 f   LIBCMTD:ismbbyte.obj
 0002:00059170       __ismbbpunct_l             10097170 f   LIBCMTD:ismbbyte.obj
 0002:000591a0       __ismbbpunct               100971a0 f   LIBCMTD:ismbbyte.obj
 0002:000591c0       __ismbblead_l              100971c0 f   LIBCMTD:ismbbyte.obj
 0002:000591f0       __ismbblead                100971f0 f   LIBCMTD:ismbbyte.obj
 0002:00059210       __ismbbtrail_l             10097210 f   LIBCMTD:ismbbyte.obj
 0002:00059240       __ismbbtrail               10097240 f   LIBCMTD:ismbbyte.obj
 0002:00059260       __ismbbkana_l              10097260 f   LIBCMTD:ismbbyte.obj
 0002:000592f0       __ismbbkana                100972f0 f   LIBCMTD:ismbbyte.obj
 0002:00059410       __mbstowcs_l_helper        10097410 f   LIBCMTD:mbstowcs.obj
 0002:00059840       __mbstowcs_l               10097840 f   LIBCMTD:mbstowcs.obj
 0002:00059870       _mbstowcs                  10097870 f   LIBCMTD:mbstowcs.obj
 0002:000598d0       __mbstowcs_s_l             100978d0 f   LIBCMTD:mbstowcs.obj
 0002:00059d30       _mbstowcs_s                10097d30 f   LIBCMTD:mbstowcs.obj
 0002:00059d60       __itoa_s                   10097d60 f   LIBCMTD:xtoas.obj
 0002:0005a210       __ltoa_s                   10098210 f   LIBCMTD:xtoas.obj
 0002:0005a260       __ultoa_s                  10098260 f   LIBCMTD:xtoas.obj
 0002:0005a290       __i64toa_s                 10098290 f   LIBCMTD:xtoas.obj
 0002:0005a790       __ui64toa_s                10098790 f   LIBCMTD:xtoas.obj
 0002:0005a7c0       _wcscat_s                  100987c0 f   LIBCMTD:wcscat_s.obj
 0002:0005aca0       __vswprintf_helper         10098ca0 f   LIBCMTD:vswprnc.obj
 0002:0005af60       __vswprintf_c              10098f60 f   LIBCMTD:vswprnc.obj
 0002:0005afc0       __vswprintf_c_l            10098fc0 f   LIBCMTD:vswprnc.obj
 0002:0005b020       __vswprintf_s_l            10099020 f   LIBCMTD:vswprnc.obj
 0002:0005b320       _vswprintf_s               10099320 f   LIBCMTD:vswprnc.obj
 0002:0005b350       __vsnwprintf_s_l           10099350 f   LIBCMTD:vswprnc.obj
 0002:0005b7f0       __vsnwprintf_s             100997f0 f   LIBCMTD:vswprnc.obj
 0002:0005b820       __vswprintf_p              10099820 f   LIBCMTD:vswprnc.obj
 0002:0005b880       __vswprintf_p_l            10099880 f   LIBCMTD:vswprnc.obj
 0002:0005b8e0       __itow_s                   100998e0 f   LIBCMTD:xtows.obj
 0002:0005bdb0       __ltow_s                   10099db0 f   LIBCMTD:xtows.obj
 0002:0005be00       __ultow_s                  10099e00 f   LIBCMTD:xtows.obj
 0002:0005be30       __i64tow_s                 10099e30 f   LIBCMTD:xtows.obj
 0002:0005c350       __ui64tow_s                1009a350 f   LIBCMTD:xtows.obj
 0002:0005c380       __woutput_l                1009a380 f   LIBCMTD:woutput.obj
 0002:0005d9e0       __vswprintf_l              1009b9e0 f   LIBCMTD:vswprint.obj
 0002:0005dc20       __vswprintf                1009bc20 f   LIBCMTD:vswprint.obj
 0002:0005dc50       ___vswprintf_l             1009bc50 f   LIBCMTD:vswprint.obj
 0002:0005dc80       __vscwprintf_helper        1009bc80 f   LIBCMTD:vswprint.obj
 0002:0005dd70       __vscwprintf               1009bd70 f   LIBCMTD:vswprint.obj
 0002:0005dda0       __vscwprintf_l             1009bda0 f   LIBCMTD:vswprint.obj
 0002:0005ddd0       __vscwprintf_p             1009bdd0 f   LIBCMTD:vswprint.obj
 0002:0005de00       __vscwprintf_p_l           1009be00 f   LIBCMTD:vswprint.obj
 0002:0005de30       ___initconin               1009be30 f   LIBCMTD:initcon.obj
 0002:0005de60       ___initconout              1009be60 f   LIBCMTD:initcon.obj
 0002:0005de90       ___termcon                 1009be90 f   LIBCMTD:initcon.obj
 0002:0005def0       __iswctype_l               1009bef0 f   LIBCMTD:iswctype.obj
 0002:0005dfc0       _iswctype                  1009bfc0 f   LIBCMTD:iswctype.obj
 0002:0005e070       _is_wctype                 1009c070 f   LIBCMTD:iswctype.obj
 0002:0005e090       _DebuggerKnownHandle       1009c090 f   LIBCMTD:_error_.obj
 0002:0005e170       ?_RTC_Failure@@YAXPAXH@Z   1009c170 f   LIBCMTD:_error_.obj
 0002:0005e540       ?_RTC_StackFailure@@YAXPAXPBD@Z 1009c540 f   LIBCMTD:_error_.obj
 0002:0005e680       ?_RTC_AllocaFailure@@YAXPAXPAU_RTC_ALLOCA_NODE@@H@Z 1009c680 f   LIBCMTD:_error_.obj
 0002:0005e890       __RTC_UninitUse            1009c890 f   LIBCMTD:_error_.obj
 0002:0005e9c0       __fptrap                   1009c9c0 f   LIBCMTD:crt0fp.obj
 0002:0005e9e0       __set_error_mode           1009c9e0 f   LIBCMTD:errmode.obj
 0002:0005ead0       ___set_app_type            1009cad0 f   LIBCMTD:errmode.obj
 0002:0005eaf0       ___get_app_type            1009caf0 f   LIBCMTD:errmode.obj
 0002:0005eb00       ___crtMessageBoxA          1009cb00 f   LIBCMTD:crtmbox.obj
 0002:0005edb0       _abort                     1009cdb0 f   LIBCMTD:abort.obj
 0002:0005ef30       __set_abort_behavior       1009cf30 f   LIBCMTD:abort.obj
 0002:0005ef70       __isalpha_l                1009cf70 f i LIBCMTD:_ctype.obj
 0002:0005f020       _isalpha                   1009d020 f i LIBCMTD:_ctype.obj
 0002:0005f060       __isupper_l                1009d060 f i LIBCMTD:_ctype.obj
 0002:0005f100       _isupper                   1009d100 f i LIBCMTD:_ctype.obj
 0002:0005f140       __islower_l                1009d140 f i LIBCMTD:_ctype.obj
 0002:0005f1e0       _islower                   1009d1e0 f i LIBCMTD:_ctype.obj
 0002:0005f220       __isdigit_l                1009d220 f i LIBCMTD:_ctype.obj
 0002:0005f2c0       _isdigit                   1009d2c0 f i LIBCMTD:_ctype.obj
 0002:0005f300       __isxdigit_l               1009d300 f i LIBCMTD:_ctype.obj
 0002:0005f3b0       _isxdigit                  1009d3b0 f i LIBCMTD:_ctype.obj
 0002:0005f3f0       __isspace_l                1009d3f0 f i LIBCMTD:_ctype.obj
 0002:0005f490       _isspace                   1009d490 f i LIBCMTD:_ctype.obj
 0002:0005f4d0       __ispunct_l                1009d4d0 f i LIBCMTD:_ctype.obj
 0002:0005f570       _ispunct                   1009d570 f i LIBCMTD:_ctype.obj
 0002:0005f5b0       __isalnum_l                1009d5b0 f i LIBCMTD:_ctype.obj
 0002:0005f660       _isalnum                   1009d660 f i LIBCMTD:_ctype.obj
 0002:0005f6a0       __isprint_l                1009d6a0 f i LIBCMTD:_ctype.obj
 0002:0005f750       _isprint                   1009d750 f i LIBCMTD:_ctype.obj
 0002:0005f790       __isgraph_l                1009d790 f i LIBCMTD:_ctype.obj
 0002:0005f840       _isgraph                   1009d840 f i LIBCMTD:_ctype.obj
 0002:0005f880       __iscntrl_l                1009d880 f i LIBCMTD:_ctype.obj
 0002:0005f920       _iscntrl                   1009d920 f i LIBCMTD:_ctype.obj
 0002:0005f960       ___isascii                 1009d960 f i LIBCMTD:_ctype.obj
 0002:0005f980       ___toascii                 1009d980 f i LIBCMTD:_ctype.obj
 0002:0005f990       __iscsymf_l                1009d990 f i LIBCMTD:_ctype.obj
 0002:0005f9e0       ___iscsymf                 1009d9e0 f i LIBCMTD:_ctype.obj
 0002:0005fa20       __iscsym_l                 1009da20 f i LIBCMTD:_ctype.obj
 0002:0005fa70       ___iscsym                  1009da70 f i LIBCMTD:_ctype.obj
 0002:0005fac0       ___crtGetLocaleInfoW       1009dac0 f   LIBCMTD:w_loc.obj
 0002:0005fb50       ___crtGetLocaleInfoA       1009db50 f   LIBCMTD:a_loc.obj
 0002:0005fda0       ___InternalCxxFrameHandler 1009dda0 f   LIBCMTD:frame.obj
 0002:00060510       ??0bad_exception@std@@QAE@PBD@Z 1009e510 f i LIBCMTD:frame.obj
 0002:00060540       ??1bad_exception@std@@UAE@XZ 1009e540 f i LIBCMTD:frame.obj
 0002:00060570       ??_Ebad_exception@std@@UAEPAXI@Z 1009e570 f i LIBCMTD:frame.obj
 0002:00060570       ??_Gbad_exception@std@@UAEPAXI@Z 1009e570 f i LIBCMTD:frame.obj
 0002:000605b0       ??0bad_exception@std@@QAE@ABV01@@Z 1009e5b0 f i LIBCMTD:frame.obj
 0002:000607c0       ___TypeMatch               1009e7c0 f   LIBCMTD:frame.obj
 0002:000608a0       ___FrameUnwindFilter       1009e8a0 f   LIBCMTD:frame.obj
 0002:00060930       ___FrameUnwindToState      1009e930 f   LIBCMTD:frame.obj
 0002:00060fc0       ___BuildCatchObjectHelper  1009efc0 f   LIBCMTD:frame.obj
 0002:000612d0       ___BuildCatchObject        1009f2d0 f   LIBCMTD:frame.obj
 0002:00061420       ___DestructExceptionObject 1009f420 f   LIBCMTD:frame.obj
 0002:00061500       ___AdjustPointer           1009f500 f   LIBCMTD:frame.obj
 0002:00061560       ?__uncaught_exception@@YA_NXZ 1009f560 f   LIBCMTD:frame.obj
 0002:00061580       ___CxxExceptionFilter      1009f580 f   LIBCMTD:frame.obj
 0002:000617e0       ___CxxRegisterExceptionObject 1009f7e0 f   LIBCMTD:frame.obj
 0002:00061960       ___CxxDetectRethrow        1009f960 f   LIBCMTD:frame.obj
 0002:00061a10       ___CxxUnregisterExceptionObject 1009fa10 f   LIBCMTD:frame.obj
 0002:00061bf0       ___CxxQueryExceptionSize   1009fbf0 f   LIBCMTD:frame.obj
 0002:00061c00       ___CxxCallUnwindDtor       1009fc00 f   LIBCMTD:frame.obj
 0002:00061ca0       ___CxxCallUnwindDelDtor    1009fca0 f   LIBCMTD:frame.obj
 0002:00061d40       ___CxxCallUnwindStdDelDtor 1009fd40 f   LIBCMTD:frame.obj
 0002:00061de0       ___CxxCallUnwindVecDtor    1009fde0 f   LIBCMTD:frame.obj
 0002:000620b0       ?_is_exception_typeof@@YAHABVtype_info@@PAU_EXCEPTION_POINTERS@@@Z 100a00b0 f   LIBCMTD:frame.obj
 0002:000621c0       __CallSettingFrame@12      100a01c0 f   LIBCMTD:lowhelpr.obj
 0002:000621e7       __NLG_Return               100a01e7     LIBCMTD:lowhelpr.obj
 0002:00062220       ___ansicp                  100a0220 f   LIBCMTD:convrtcp.obj
 0002:00062290       ___convertcp               100a0290 f   LIBCMTD:convrtcp.obj
 0002:00062570       __get_daylight             100a0570 f   LIBCMTD:timeset.obj
 0002:00062610       __get_dstbias              100a0610 f   LIBCMTD:timeset.obj
 0002:000626b0       __get_timezone             100a06b0 f   LIBCMTD:timeset.obj
 0002:00062750       __get_tzname               100a0750 f   LIBCMTD:timeset.obj
 0002:000629a0       ___daylight                100a09a0 f   LIBCMTD:timeset.obj
 0002:000629b0       ___dstbias                 100a09b0 f   LIBCMTD:timeset.obj
 0002:000629c0       ___timezone                100a09c0 f   LIBCMTD:timeset.obj
 0002:000629d0       ___tzname                  100a09d0 f   LIBCMTD:timeset.obj
 0002:000629e0       ___tzset                   100a09e0 f   LIBCMTD:tzset.obj
 0002:00062aa0       __tzset                    100a0aa0 f   LIBCMTD:tzset.obj
 0002:000631b0       __set_daylight             100a11b0 f i LIBCMTD:tzset.obj
 0002:000631d0       __set_dstbias              100a11d0 f i LIBCMTD:tzset.obj
 0002:000631f0       __set_timezone             100a11f0 f i LIBCMTD:tzset.obj
 0002:00063210       __isindst                  100a1210 f   LIBCMTD:tzset.obj
 0002:00063a60       __stricmp_l                100a1a60 f   LIBCMTD:stricmp.obj
 0002:00063c70       ___ascii_stricmp           100a1c70 f   LIBCMTD:stricmp.obj
 0002:00063d00       __stricmp                  100a1d00 f   LIBCMTD:stricmp.obj
 0002:00063e50       __strnicmp_l               100a1e50 f   LIBCMTD:strnicmp.obj
 0002:00064120       __strnicmp                 100a2120 f   LIBCMTD:strnicmp.obj
 0002:00064310       _atol                      100a2310 f   LIBCMTD:atox.obj
 0002:00064330       __atol_l                   100a2330 f   LIBCMTD:atox.obj
 0002:00064360       _atoi                      100a2360 f   LIBCMTD:atox.obj
 0002:00064380       __atoi_l                   100a2380 f   LIBCMTD:atox.obj
 0002:000643a0       __atoi64                   100a23a0 f   LIBCMTD:atox.obj
 0002:000643c0       __atoi64_l                 100a23c0 f   LIBCMTD:atox.obj
 0002:000643f0       _memmove                   100a23f0 f   LIBCMTD:memmove.obj
 0002:00064830       __stbuf                    100a2830 f   LIBCMTD:_sftbuf.obj
 0002:000649e0       __ftbuf                    100a29e0 f   LIBCMTD:_sftbuf.obj
 0002:00064a90       _vprintf_helper            100a2a90 f   LIBCMTD:vprintf.obj
 0002:00064bf0       __vprintf_l                100a2bf0 f   LIBCMTD:vprintf.obj
 0002:00064c20       __vprintf_s_l              100a2c20 f   LIBCMTD:vprintf.obj
 0002:00064c50       __vprintf_p_l              100a2c50 f   LIBCMTD:vprintf.obj
 0002:00064c80       _vprintf                   100a2c80 f   LIBCMTD:vprintf.obj
 0002:00064cb0       _vprintf_s                 100a2cb0 f   LIBCMTD:vprintf.obj
 0002:00064ce0       __vprintf_p                100a2ce0 f   LIBCMTD:vprintf.obj
 0002:00064d10       _strtol                    100a2d10 f   LIBCMTD:strtol.obj
 0002:00065390       __strtol_l                 100a3390 f   LIBCMTD:strtol.obj
 0002:000653c0       _strtoul                   100a33c0 f   LIBCMTD:strtol.obj
 0002:00065420       __strtoul_l                100a3420 f   LIBCMTD:strtol.obj
 0002:00065450       __woutput_s_l              100a3450 f   LIBCMTD:woutputs.obj
 0002:00066c60       __validate_param_reuseW    100a4c60 f   LIBCMTD:woutputp.obj
 0002:00066f70       __woutput_p_l              100a4f70 f   LIBCMTD:woutputp.obj
 0002:0006b4c0       _fputwc                    100a94c0 f   LIBCMTD:fputwc.obj
 0002:0006b600       __fputwc_nolock            100a9600 f   LIBCMTD:fputwc.obj
 0002:0006b9a0       _putwc                     100a99a0 f   LIBCMTD:fputwc.obj
 0002:0006b9c0       ___crtGetStringTypeW       100a99c0 f   LIBCMTD:w_str.obj
 0002:0006ba60       ?_RTC_GetSrcLine@@YAHPAEPA_WKPAH1K@Z 100a9a60 f   LIBCMTD:_pdblkup_.obj
 0002:0006c020       __RTC_NumErrors            100aa020 f   LIBCMTD:_userapi_.obj
 0002:0006c030       __RTC_GetErrDesc           100aa030 f   LIBCMTD:_userapi_.obj
 0002:0006c050       __RTC_SetErrorType         100aa050 f   LIBCMTD:_userapi_.obj
 0002:0006c080       __RTC_SetErrorFunc         100aa080 f   LIBCMTD:_userapi_.obj
 0002:0006c0b0       __RTC_SetErrorFuncW        100aa0b0 f   LIBCMTD:_userapi_.obj
 0002:0006c0e0       ?_RTC_GetErrorFunc@@YAP6AHHPBDH00ZZPBX@Z 100aa0e0 f   LIBCMTD:_userapi_.obj
 0002:0006c0f0       ?_RTC_GetErrorFuncW@@YAP6AHHPB_WH00ZZPBX@Z 100aa0f0 f   LIBCMTD:_userapi_.obj
 0002:0006c100       ?_ValidateRead@@YAHPBXI@Z  100aa100 f   LIBCMTD:validate.obj
 0002:0006c130       ?_ValidateWrite@@YAHPAXI@Z 100aa130 f   LIBCMTD:validate.obj
 0002:0006c160       ?_ValidateExecute@@YAHP6GHXZ@Z 100aa160 f   LIBCMTD:validate.obj
 0002:0006c190       __CxxThrowException@8      100aa190 f   LIBCMTD:throw.obj
 0002:0006c200       ?name@type_info@@QBEPBDPAU__type_info_node@@@Z 100aa200 f   LIBCMTD:typinfo.obj
 0002:0006c230       ??1type_info@@UAE@XZ       100aa230 f   LIBCMTD:typinfo.obj
 0002:0006c260       ??_Gtype_info@@UAEPAXI@Z   100aa260 f i LIBCMTD:typinfo.obj
 0002:0006c260       ??_Etype_info@@UAEPAXI@Z   100aa260 f i LIBCMTD:typinfo.obj
 0002:0006c2a0       ?_name_internal_method@type_info@@QBEPBDPAU__type_info_node@@@Z 100aa2a0 f   LIBCMTD:typinfo.obj
 0002:0006c2d0       ?_type_info_dtor_internal_method@type_info@@QAEXXZ 100aa2d0 f   LIBCMTD:typinfo.obj
 0002:0006c2f0       ??8type_info@@QBE_NABV0@@Z 100aa2f0 f   LIBCMTD:typinfo.obj
 0002:0006c330       ??9type_info@@QBE_NABV0@@Z 100aa330 f   LIBCMTD:typinfo.obj
 0002:0006c370       ?before@type_info@@QBEHABV1@@Z 100aa370 f   LIBCMTD:typinfo.obj
 0002:0006c3b0       ?raw_name@type_info@@QBEPBDXZ 100aa3b0 f   LIBCMTD:typinfo.obj
 0002:0006c3d0       ??0type_info@@AAE@ABV0@@Z  100aa3d0 f   LIBCMTD:typinfo.obj
 0002:0006c400       ??4type_info@@AAEAAV0@ABV0@@Z 100aa400 f   LIBCMTD:typinfo.obj
 0002:0006c420       ??0exception@std@@QAE@XZ   100aa420 f   LIBCMTD:stdexcpt.obj
 0002:0006c460       ??_Eexception@std@@UAEPAXI@Z 100aa460 f i LIBCMTD:stdexcpt.obj
 0002:0006c460       ??_Gexception@std@@UAEPAXI@Z 100aa460 f i LIBCMTD:stdexcpt.obj
 0002:0006c4a0       ??0exception@std@@QAE@ABQBD@Z 100aa4a0 f   LIBCMTD:stdexcpt.obj
 0002:0006c550       ??0exception@std@@QAE@ABQBDH@Z 100aa550 f   LIBCMTD:stdexcpt.obj
 0002:0006c590       ??0exception@std@@QAE@ABV01@@Z 100aa590 f   LIBCMTD:stdexcpt.obj
 0002:0006c660       ??4exception@std@@QAEAAV01@ABV01@@Z 100aa660 f   LIBCMTD:stdexcpt.obj
 0002:0006c730       ??1exception@std@@UAE@XZ   100aa730 f   LIBCMTD:stdexcpt.obj
 0002:0006c770       ?what@exception@std@@UBEPBDXZ 100aa770 f   LIBCMTD:stdexcpt.obj
 0002:0006c7a0       ??0bad_cast@std@@QAE@PBD@Z 100aa7a0 f   LIBCMTD:stdexcpt.obj
 0002:0006c7d0       ??_Ebad_cast@std@@UAEPAXI@Z 100aa7d0 f i LIBCMTD:stdexcpt.obj
 0002:0006c7d0       ??_Gbad_cast@std@@UAEPAXI@Z 100aa7d0 f i LIBCMTD:stdexcpt.obj
 0002:0006c810       ??0bad_cast@std@@QAE@ABV01@@Z 100aa810 f   LIBCMTD:stdexcpt.obj
 0002:0006c840       ??1bad_cast@std@@UAE@XZ    100aa840 f   LIBCMTD:stdexcpt.obj
 0002:0006c870       ??0bad_typeid@std@@QAE@PBD@Z 100aa870 f   LIBCMTD:stdexcpt.obj
 0002:0006c8a0       ??_Gbad_typeid@std@@UAEPAXI@Z 100aa8a0 f i LIBCMTD:stdexcpt.obj
 0002:0006c8a0       ??_Ebad_typeid@std@@UAEPAXI@Z 100aa8a0 f i LIBCMTD:stdexcpt.obj
 0002:0006c8e0       ??0bad_typeid@std@@QAE@ABV01@@Z 100aa8e0 f   LIBCMTD:stdexcpt.obj
 0002:0006c910       ??1bad_typeid@std@@UAE@XZ  100aa910 f   LIBCMTD:stdexcpt.obj
 0002:0006c940       ??0__non_rtti_object@std@@QAE@PBD@Z 100aa940 f   LIBCMTD:stdexcpt.obj
 0002:0006c970       ??_G__non_rtti_object@std@@UAEPAXI@Z 100aa970 f i LIBCMTD:stdexcpt.obj
 0002:0006c970       ??_E__non_rtti_object@std@@UAEPAXI@Z 100aa970 f i LIBCMTD:stdexcpt.obj
 0002:0006c9b0       ??0__non_rtti_object@std@@QAE@ABV01@@Z 100aa9b0 f   LIBCMTD:stdexcpt.obj
 0002:0006c9e0       ??1__non_rtti_object@std@@UAE@XZ 100aa9e0 f   LIBCMTD:stdexcpt.obj
 0002:0006ca10       ??3@YAXPAX@Z               100aaa10 f   LIBCMTD:dbgdel.obj
 0002:0006cb30       _getenv                    100aab30 f   LIBCMTD:getenv.obj
 0002:0006cce0       __getenv_helper_nolock     100aace0 f   LIBCMTD:getenv.obj
 0002:0006ce40       _getenv_s                  100aae40 f   LIBCMTD:getenv.obj
 0002:0006d0f0       __dupenv_s                 100ab0f0 f   LIBCMTD:getenv.obj
 0002:0006d120       __dupenv_s_dbg             100ab120 f   LIBCMTD:getenv.obj
 0002:0006d400       __tolower                  100ab400 f   LIBCMTD:tolower.obj
 0002:0006d410       __tolower_l                100ab410 f   LIBCMTD:tolower.obj
 0002:0006d660       _tolower                   100ab660 f   LIBCMTD:tolower.obj
 0002:0006d6c0       ___ascii_strnicmp          100ab6c0 f   LIBCMTD:_strnicm.obj
 0002:0006d740       __strtoi64                 100ab740 f   LIBCMTD:strtoq.obj
 0002:0006de10       __strtoi64_l               100abe10 f   LIBCMTD:strtoq.obj
 0002:0006de40       __strtoui64                100abe40 f   LIBCMTD:strtoq.obj
 0002:0006dea0       __strtoui64_l              100abea0 f   LIBCMTD:strtoq.obj
 0002:0006ded0       _wcstol                    100abed0 f   LIBCMTD:wcstol.obj
 0002:0006e470       __wcstol_l                 100ac470 f   LIBCMTD:wcstol.obj
 0002:0006e4a0       _wcstoul                   100ac4a0 f   LIBCMTD:wcstol.obj
 0002:0006e500       __wcstoul_l                100ac500 f   LIBCMTD:wcstol.obj
 0002:0006e530       __flswbuf                  100ac530 f   LIBCMTD:_flswbuf.obj
 0002:0006e8c0       ?_Type_info_dtor@type_info@@CAXPAV1@@Z 100ac8c0 f   LIBCMTD:typname.obj
 0002:0006ea10       ?_Name_base@type_info@@CAPBDPBV1@PAU__type_info_node@@@Z 100aca10 f   LIBCMTD:typname.obj
 0002:0006ec20       ?_Type_info_dtor_internal@type_info@@CAXPAV1@@Z 100acc20 f   LIBCMTD:typname.obj
 0002:0006ed70       ___unDNameHelper           100acd70 f   LIBCMTD:typname.obj
 0002:0006edc0       ?_Name_base_internal@type_info@@CAPBDPBV1@PAU__type_info_node@@@Z 100acdc0 f   LIBCMTD:typname.obj
 0002:0006eff0       ___clean_type_info_names_internal 100acff0 f   LIBCMTD:typname.obj
 0002:0006f0d0       _strnlen                   100ad0d0 f   LIBCMTD:strlen_s.obj
 0002:0006f120       __mbsnbicoll_l             100ad120 f   LIBCMTD:mbsnbico.obj
 0002:0006f3f0       __mbsnbicoll               100ad3f0 f   LIBCMTD:mbsnbico.obj
 0002:0006f420       ___wtomb_environ           100ad420 f   LIBCMTD:wtombenv.obj
 0002:0006f550       __wchartodigit             100ad550 f   LIBCMTD:wchtodig.obj
 0002:0006f940       ___unDName                 100ad940 f   LIBCMTD:undname.obj
[...]
 0004:000005c0       __mbctype                  100d65c0     LIBCMTD:mbctype.obj
 0004:000006c8       __mbcasemap                100d66c8     LIBCMTD:mbctype.obj
 0004:000007c8       ___ptmbcinfo               100d67c8     LIBCMTD:mbctype.obj
 0004:000009cc       ___globallocalestatus      100d69cc     LIBCMTD:glstatus.obj
 0004:000009d0       ___clocalestr              100d69d0     LIBCMTD:nlsdata2.obj
 0004:000009d8       ___initiallocinfo          100d69d8     LIBCMTD:nlsdata2.obj
 0004:00000ab0       ___ptlocinfo               100d6ab0     LIBCMTD:nlsdata2.obj
 0004:00000ab4       ___lc_clike                100d6ab4     LIBCMTD:nlsdata2.obj
 0004:00000ab8       ___initiallocalestructinfo 100d6ab8     LIBCMTD:nlsdata2.obj
 0004:00000af0       ___flsindex                100d6af0     LIBCMTD:tidtable.obj
 0004:00000af4       ___getvalueindex           100d6af4     LIBCMTD:tidtable.obj
 0004:00000afc       __crtDbgFlag               100d6afc     LIBCMTD:dbgheap.obj
 0004:00000b00       ___crtDebugFillThreshold   100d6b00     LIBCMTD:dbgheap.obj
 0004:00000b08       __crtBreakAlloc            100d6b08     LIBCMTD:dbgheap.obj
 0004:00000b14       ___nullstring              100d6b14     LIBCMTD:output.obj
 0004:00000b18       ___wnullstring             100d6b18     LIBCMTD:output.obj
 0004:00000b20       __sys_errlist              100d6b20     LIBCMTD:syserr.obj
 0004:00000bd0       __sys_nerr                 100d6bd0     LIBCMTD:syserr.obj
 0004:00000bf8       __iob                      100d6bf8     LIBCMTD:_file.obj
 0004:00000ef8       __amblksiz                 100d6ef8     LIBCMTD:heapinit.obj
 0004:00000efc       __First_FPE_Indx           100d6efc     LIBCMTD:winxfltr.obj
 0004:00000f00       __Num_FPE                  100d6f00     LIBCMTD:winxfltr.obj
 0004:00000f04       __XcptActTabSize           100d6f04     LIBCMTD:winxfltr.obj
 0004:00000f08       __XcptActTabCount          100d6f08     LIBCMTD:winxfltr.obj
 0004:0000106c       __pfnAllocHook             100d706c     LIBCMTD:dbghook.obj
 0004:00001070       __crtAssertBusy            100d7070     LIBCMTD:dbgrptt.obj
 0004:00001074       __CrtDbgMode               100d7074     LIBCMTD:dbgrptt.obj
 0004:00001080       __CrtDbgFile               100d7080     LIBCMTD:dbgrptt.obj
 0004:0000109c       __cfltcvt_tab              100d709c     LIBCMTD:cmiscdat.obj
 0004:000011ac       __pctype                   100d71ac     LIBCMTD:ctype.obj
 0004:000011b0       __pwctype                  100d71b0     LIBCMTD:ctype.obj
 0004:000011b8       ___lc_time_c               100d71b8     LIBCMTD:strftime.obj
 0004:00001294       ___lc_time_curr            100d7294     LIBCMTD:strftime.obj
 0004:00001298       ___lconv_static_decimal    100d7298     LIBCMTD:lconv.obj
 0004:0000129c       ___lconv_c                 100d729c     LIBCMTD:lconv.obj
 0004:000012cc       ___lconv                   100d72cc     LIBCMTD:lconv.obj
 0004:000012dc       ___mb_cur_max              100d72dc     LIBCMTD:nlsdata1.obj
 0004:000012e0       ___decimal_point           100d72e0     LIBCMTD:nlsdata1.obj
 0004:000012e4       ___decimal_point_length    100d72e4     LIBCMTD:nlsdata1.obj
 0004:00001300       __NLG_Destination          100d7300     LIBCMTD:exsup.obj
 0004:00001314       __coninpfh                 100d7314     LIBCMTD:initcon.obj
 0004:00001318       __confh                    100d7318     LIBCMTD:initcon.obj
 0004:00001320       ?_RTC_ErrorLevels@@3PAHA   100d7320     LIBCMTD:_error_.obj
 0004:00001338       ___abort_behavior          100d7338     LIBCMTD:abort.obj
 0004:00001340       ??_R0?AVbad_exception@std@@@8 100d7340     LIBCMTD:frame.obj
 0004:00001368       ??_R0?AVexception@std@@@8  100d7368     LIBCMTD:frame.obj
 0004:00001390       __timezone                 100d7390     LIBCMTD:timeset.obj
 0004:00001394       __daylight                 100d7394     LIBCMTD:timeset.obj
 0004:00001398       __dstbias                  100d7398     LIBCMTD:timeset.obj
 0004:00001420       __tzname                   100d7420     LIBCMTD:timeset.obj
 0004:00001478       ??_R0?AVtype_info@@@8      100d7478     LIBCMTD:typinfo.obj
 0004:00001498       ??_R0?AVbad_cast@std@@@8   100d7498     LIBCMTD:stdexcpt.obj
 0004:000014b8       ??_R0?AVbad_typeid@std@@@8 100d74b8     LIBCMTD:stdexcpt.obj
 0004:000014dc       ??_R0?AV__non_rtti_object@std@@@8 100d74dc     LIBCMTD:stdexcpt.obj
 0004:00001508       __lpdays                   100d7508     LIBCMTD:days.obj
 0004:0000153c       __days                     100d753c     LIBCMTD:days.obj
 0004:000016e8       __aenvptr                  100d76e8     LIBCMTD:dllcrt0.obj
 0004:000016ec       __wenvptr                  100d76ec     LIBCMTD:dllcrt0.obj
 0004:000016f0       ___error_mode              100d76f0     LIBCMTD:dllcrt0.obj
 0004:000016f4       ___app_type                100d76f4     LIBCMTD:dllcrt0.obj
 0004:000016fc       ___pInvalidArgHandler      100d76fc     LIBCMTD:invarg.obj
 0004:00001700       __umaskval                 100d7700     LIBCMTD:crt0dat.obj
 0004:00001704       ___argc                    100d7704     LIBCMTD:crt0dat.obj
 0004:00001708       ___argv                    100d7708     LIBCMTD:crt0dat.obj
 0004:0000170c       ___wargv                   100d770c     LIBCMTD:crt0dat.obj
 0004:00001710       __environ                  100d7710     LIBCMTD:crt0dat.obj
 0004:00001714       ___initenv                 100d7714     LIBCMTD:crt0dat.obj
 0004:00001718       __wenviron                 100d7718     LIBCMTD:crt0dat.obj
 0004:0000171c       ___winitenv                100d771c     LIBCMTD:crt0dat.obj
 0004:00001720       __pgmptr                   100d7720     LIBCMTD:crt0dat.obj
 0004:00001724       __wpgmptr                  100d7724     LIBCMTD:crt0dat.obj
 0004:00001728       __exitflag                 100d7728     LIBCMTD:crt0dat.obj
 0004:0000172c       __C_Termination_Done       100d772c     LIBCMTD:crt0dat.obj
 0004:00001730       __C_Exit_Done              100d7730     LIBCMTD:crt0dat.obj
 0004:00001748       ___mbulinfo                100d7748     LIBCMTD:mbctype.obj
 0004:00001754       ___mbcodepage              100d7754     LIBCMTD:mbctype.obj
 0004:00001758       ___ismbcodepage            100d7758     LIBCMTD:mbctype.obj
 0004:0000175c       ___mblcid                  100d775c     LIBCMTD:mbctype.obj
 0004:00001768       ___locale_changed          100d7768     LIBCMTD:setlocal.obj
 0004:0000176c       ___lc_handle               100d776c     LIBCMTD:nlsdata2.obj
 0004:00001784       ___lc_codepage             100d7784     LIBCMTD:nlsdata2.obj
 0004:00001788       ___lc_collate_cp           100d7788     LIBCMTD:nlsdata2.obj
 0004:00001794       _gpFlsAlloc                100d7794     LIBCMTD:tidtable.obj
 0004:00001798       _gpFlsGetValue             100d7798     LIBCMTD:tidtable.obj
 0004:0000179c       _gpFlsSetValue             100d779c     LIBCMTD:tidtable.obj
 0004:000017a0       _gpFlsFree                 100d77a0     LIBCMTD:tidtable.obj
 0004:000017bc       ?_pfnDumpClient@@3P6AXPAXI@ZA 100d77bc     LIBCMTD:dbgheap.obj
 0004:000017c4       ___crtDebugCheckCount      100d77c4     LIBCMTD:dbgheap.obj
 0004:000017d4       __newmode                  100d77d4     LIBCMTD:_newmode.obj
 0004:000017d8       __cflush                   100d77d8     LIBCMTD:_file.obj
 0004:00001920       __crtheap                  100d7920     LIBCMTD:heapinit.obj
 0004:00001ec4       ?__pInconsistency@@3P6AXXZA 100d7ec4     LIBCMTD:hooks.obj
 0004:00001ed4       ___pPurecall               100d7ed4     LIBCMTD:inithelp.obj
 0004:00001edc       ?_pnhHeap@@3P6AHI@ZA       100d7edc     LIBCMTD:handler.obj
 0004:00001ee0       __fmode                    100d7ee0     LIBCMTD:txtmode.obj
 0004:000022b4       ___lconv_static_null       100d82b4     LIBCMTD:lconv.obj
 0004:000022c4       ___sbh_pHeaderDefer        100d82c4     LIBCMTD:sbheap.obj
 0004:000022cc       __commode                  100d82cc     LIBCMTD:ncommode.obj
 0004:000022d0       ?wsprintffp@@3P6AHPADPBDZZA 100d82d0     LIBCMTD:_error_.obj
 0004:000023cc       __stdbuf                   100d83cc     LIBCMTD:_sftbuf.obj
 0004:00002410       ?pArgList@UnDecorator@@0PAVReplicator@@A 100d8410     LIBCMTD:undname.obj
 0004:00002414       ?pZNameList@UnDecorator@@0PAVReplicator@@A 100d8414     LIBCMTD:undname.obj
 0004:00002418       ?pTemplateArgList@UnDecorator@@0PAVReplicator@@A 100d8418     LIBCMTD:undname.obj
 0004:0000241c       ?gName@UnDecorator@@0PBDB  100d841c     LIBCMTD:undname.obj
 0004:00002420       ?name@UnDecorator@@0PBDB   100d8420     LIBCMTD:undname.obj
 0004:00002424       ?outputString@UnDecorator@@0PADA 100d8424     LIBCMTD:undname.obj
 0004:00002428       ?maxStringLength@UnDecorator@@0HA 100d8428     LIBCMTD:undname.obj
 0004:0000242c       ?disableFlags@UnDecorator@@0KA 100d842c     LIBCMTD:undname.obj
 0004:00002430       ?m_pGetParameter@UnDecorator@@0P6APADJ@ZA 100d8430     LIBCMTD:undname.obj
 0004:00002434       ?fExplicitTemplateParams@UnDecorator@@0_NA 100d8434     LIBCMTD:undname.obj
 0004:00002435       ?fGetTemplateArgumentList@UnDecorator@@0_NA 100d8435     LIBCMTD:undname.obj
 0004:000024a8       ?nodes@?1??make@DNameStatusNode@@SAPAV2@W4DNameStatus@@@Z@4PAV2@A 100d84a8     LIBCMTD:undname.obj
 0004:000024e4       ??_B?1??make@DNameStatusNode@@SAPAV1@W4DNameStatus@@@Z@51 100d84e4     LIBCMTD:undname.obj
 0004:000024ec       ___sbh_initialized         100d84ec     <common>
 0004:00002500       ___sbh_cntHeaderList       100d8500     <common>
 0004:00002504       ___sbh_pHeaderList         100d8504     <common>
 0004:00002508       ___sbh_threshold           100d8508     <common>
 0004:0000250c       ___sbh_pHeaderScan         100d850c     <common>
 0004:00002510       ___sbh_sizeHeaderList      100d8510     <common>
 0004:00002514       ___sbh_indGroupDefer       100d8514     <common>
 0004:00002518       __pfnReportHook            100d8518     <common>
 0004:00002528       __pReportHookListW         100d8528     <common>
 0004:0000252c       __pReportHookList          100d852c     <common>
 0004:00002530       __debugger_hook_dummy      100d8530     <common>
 0004:0000253c       ___active_heap             100d853c     <common>
 0004:00002548       ___piob                    100d8548     <common>
 0004:000028a0       __bufin                    100d88a0     <common>
 0004:000038a0       __nstream                  100d98a0     <common>
 0004:000038a4       ___setlc_active            100d98a4     <common>
 0004:000038b4       ___unguarded_readlc_active 100d98b4     <common>
 0004:000038b8       ___env_initialized         100d98b8     <common>
 0004:000038c8       ___onexitend               100d98c8     <common>
 0004:000038cc       ___onexitbegin             100d98cc     <common>
 0004:000038d0       ___mbctype_initialized     100d98d0     <common>
 0004:000038d4       __FPinit                   100d98d4     <common>
 0004:000038d8       ___dyn_tls_init_callback   100d98d8     <common>
 0004:000038dc       __nhandle                  100d98dc     <common>
 0004:00003920       ___pioinfo                 100d9920     <common>
 0004:00003a20       ___sse2_available          100d9a20     <common>
 0004:00003a2c       __acmdln                   100d9a2c     <common>
 0005:00000000       __IMPORT_DESCRIPTOR_KERNEL32 100da000     kernel32:KERNEL32.dll
 0005:00000014       __NULL_IMPORT_DESCRIPTOR   100da014     kernel32:KERNEL32.dll
 0005:00000224       __imp__CreateFileA@28      100da224     kernel32:KERNEL32.dll
 0005:00000228       __imp__CloseHandle@4       100da228     kernel32:KERNEL32.dll
 0005:0000022c       __imp__CreateFileW@28      100da22c     kernel32:KERNEL32.dll
 0005:00000230       __imp__GetLastError@0      100da230     kernel32:KERNEL32.dll
 0005:00000234       __imp__ReadFile@20         100da234     kernel32:KERNEL32.dll
 0005:00000238       __imp__WriteFile@20        100da238     kernel32:KERNEL32.dll
 0005:0000023c       __imp__SetFilePointer@16   100da23c     kernel32:KERNEL32.dll
 0005:00000240       __imp__GetFileType@4       100da240     kernel32:KERNEL32.dll
 0005:00000244       __imp__WideCharToMultiByte@32 100da244     kernel32:KERNEL32.dll
 0005:00000248       __imp__GetSystemTimeAsFileTime@4 100da248     kernel32:KERNEL32.dll
 0005:0000024c       __imp__GetCurrentThreadId@0 100da24c     kernel32:KERNEL32.dll
 0005:00000250       __imp__GetCommandLineA@0   100da250     kernel32:KERNEL32.dll
 0005:00000254       __imp__LeaveCriticalSection@4 100da254     kernel32:KERNEL32.dll
 0005:00000258       __imp__EnterCriticalSection@4 100da258     kernel32:KERNEL32.dll
 0005:0000025c       __imp__SetStdHandle@8      100da25c     kernel32:KERNEL32.dll
 0005:00000260       __imp__SetHandleCount@4    100da260     kernel32:KERNEL32.dll
 0005:00000264       __imp__GetStdHandle@4      100da264     kernel32:KERNEL32.dll
 0005:00000268       __imp__GetStartupInfoA@4   100da268     kernel32:KERNEL32.dll
 0005:0000026c       __imp__DeleteCriticalSection@4 100da26c     kernel32:KERNEL32.dll
 0005:00000270       __imp__TerminateProcess@8  100da270     kernel32:KERNEL32.dll
 0005:00000274       __imp__GetCurrentProcess@0 100da274     kernel32:KERNEL32.dll
 0005:00000278       __imp__UnhandledExceptionFilter@4 100da278     kernel32:KERNEL32.dll
 0005:0000027c       __imp__SetUnhandledExceptionFilter@4 100da27c     kernel32:KERNEL32.dll
 0005:00000280       __imp__IsDebuggerPresent@0 100da280     kernel32:KERNEL32.dll
 0005:00000284       __imp__GetModuleFileNameW@12 100da284     kernel32:KERNEL32.dll
 0005:00000288       __imp__GetConsoleCP@0      100da288     kernel32:KERNEL32.dll
 0005:0000028c       __imp__GetConsoleMode@8    100da28c     kernel32:KERNEL32.dll
 0005:00000290       __imp__SetEndOfFile@4      100da290     kernel32:KERNEL32.dll
 0005:00000294       __imp__HeapFree@12         100da294     kernel32:KERNEL32.dll
 0005:00000298       __imp__HeapAlloc@12        100da298     kernel32:KERNEL32.dll
 0005:0000029c       __imp__GetProcessHeap@0    100da29c     kernel32:KERNEL32.dll
 0005:000002a0       __imp__MultiByteToWideChar@24 100da2a0     kernel32:KERNEL32.dll
 0005:000002a4       __imp__GetModuleHandleW@4  100da2a4     kernel32:KERNEL32.dll
 0005:000002a8       __imp__Sleep@4             100da2a8     kernel32:KERNEL32.dll
 0005:000002ac       __imp__InterlockedIncrement@4 100da2ac     kernel32:KERNEL32.dll
 0005:000002b0       __imp__InterlockedDecrement@4 100da2b0     kernel32:KERNEL32.dll
 0005:000002b4       __imp__GetProcAddress@8    100da2b4     kernel32:KERNEL32.dll
 0005:000002b8       __imp__ExitProcess@4       100da2b8     kernel32:KERNEL32.dll
 0005:000002bc       __imp__InterlockedExchange@8 100da2bc     kernel32:KERNEL32.dll
 0005:000002c0       __imp__GetACP@0            100da2c0     kernel32:KERNEL32.dll
 0005:000002c4       __imp__GetOEMCP@0          100da2c4     kernel32:KERNEL32.dll
 0005:000002c8       __imp__GetCPInfo@8         100da2c8     kernel32:KERNEL32.dll
 0005:000002cc       __imp__IsValidCodePage@4   100da2cc     kernel32:KERNEL32.dll
 0005:000002d0       __imp__TlsGetValue@4       100da2d0     kernel32:KERNEL32.dll
 0005:000002d4       __imp__TlsAlloc@0          100da2d4     kernel32:KERNEL32.dll
 0005:000002d8       __imp__TlsSetValue@8       100da2d8     kernel32:KERNEL32.dll
 0005:000002dc       __imp__TlsFree@4           100da2dc     kernel32:KERNEL32.dll
 0005:000002e0       __imp__SetLastError@4      100da2e0     kernel32:KERNEL32.dll
 0005:000002e4       __imp__GetCurrentThread@0  100da2e4     kernel32:KERNEL32.dll
 0005:000002e8       __imp__HeapValidate@12     100da2e8     kernel32:KERNEL32.dll
 0005:000002ec       __imp__IsBadReadPtr@8      100da2ec     kernel32:KERNEL32.dll
 0005:000002f0       __imp__RtlUnwind@16        100da2f0     kernel32:KERNEL32.dll
 0005:000002f4       __imp__GetModuleFileNameA@12 100da2f4     kernel32:KERNEL32.dll
 0005:000002f8       __imp__FreeEnvironmentStringsA@4 100da2f8     kernel32:KERNEL32.dll
 0005:000002fc       __imp__GetEnvironmentStrings@0 100da2fc     kernel32:KERNEL32.dll
 0005:00000300       __imp__FreeEnvironmentStringsW@4 100da300     kernel32:KERNEL32.dll
 0005:00000304       __imp__GetEnvironmentStringsW@0 100da304     kernel32:KERNEL32.dll
 0005:00000308       __imp__HeapDestroy@4       100da308     kernel32:KERNEL32.dll
 0005:0000030c       __imp__HeapCreate@12       100da30c     kernel32:KERNEL32.dll
 0005:00000310       __imp__VirtualFree@12      100da310     kernel32:KERNEL32.dll
 0005:00000314       __imp__QueryPerformanceCounter@4 100da314     kernel32:KERNEL32.dll
 0005:00000318       __imp__GetTickCount@0      100da318     kernel32:KERNEL32.dll
 0005:0000031c       __imp__GetCurrentProcessId@0 100da31c     kernel32:KERNEL32.dll
 0005:00000320       __imp__FatalAppExitA@8     100da320     kernel32:KERNEL32.dll
 0005:00000324       __imp__InitializeCriticalSectionAndSpinCount@8 100da324     kernel32:KERNEL32.dll
 0005:00000328       __imp__DebugBreak@0        100da328     kernel32:KERNEL32.dll
 0005:0000032c       __imp__OutputDebugStringA@4 100da32c     kernel32:KERNEL32.dll
 0005:00000330       __imp__WriteConsoleW@20    100da330     kernel32:KERNEL32.dll
 0005:00000334       __imp__OutputDebugStringW@4 100da334     kernel32:KERNEL32.dll
 0005:00000338       __imp__SetConsoleCtrlHandler@8 100da338     kernel32:KERNEL32.dll
 0005:0000033c       __imp__LoadLibraryW@4      100da33c     kernel32:KERNEL32.dll
 0005:00000340       __imp__WriteConsoleA@20    100da340     kernel32:KERNEL32.dll
 0005:00000344       __imp__GetConsoleOutputCP@0 100da344     kernel32:KERNEL32.dll
 0005:00000348       __imp__FreeLibrary@4       100da348     kernel32:KERNEL32.dll
 0005:0000034c       __imp__LoadLibraryA@4      100da34c     kernel32:KERNEL32.dll
 0005:00000350       __imp__LCMapStringA@24     100da350     kernel32:KERNEL32.dll
 0005:00000354       __imp__LCMapStringW@24     100da354     kernel32:KERNEL32.dll
 0005:00000358       __imp__GetStringTypeA@20   100da358     kernel32:KERNEL32.dll
 0005:0000035c       __imp__GetStringTypeW@16   100da35c     kernel32:KERNEL32.dll
 0005:00000360       __imp__GetTimeFormatA@24   100da360     kernel32:KERNEL32.dll
 0005:00000364       __imp__GetDateFormatA@24   100da364     kernel32:KERNEL32.dll
 0005:00000368       __imp__GetLocaleInfoA@16   100da368     kernel32:KERNEL32.dll
 0005:0000036c       __imp__IsValidLocale@8     100da36c     kernel32:KERNEL32.dll
 0005:00000370       __imp__EnumSystemLocalesA@8 100da370     kernel32:KERNEL32.dll
 0005:00000374       __imp__GetUserDefaultLCID@0 100da374     kernel32:KERNEL32.dll
 0005:00000378       __imp__HeapSize@12         100da378     kernel32:KERNEL32.dll
 0005:0000037c       __imp__HeapReAlloc@16      100da37c     kernel32:KERNEL32.dll
 0005:00000380       __imp__VirtualAlloc@16     100da380     kernel32:KERNEL32.dll
 0005:00000384       __imp__FlushFileBuffers@4  100da384     kernel32:KERNEL32.dll
 0005:00000388       __imp__RaiseException@16   100da388     kernel32:KERNEL32.dll
 0005:0000038c       __imp__lstrlenA@4          100da38c     kernel32:KERNEL32.dll
 0005:00000390       __imp__GetLocaleInfoW@16   100da390     kernel32:KERNEL32.dll
 0005:00000394       __imp__GetTimeZoneInformation@4 100da394     kernel32:KERNEL32.dll
 0005:00000398       __imp__VirtualQuery@12     100da398     kernel32:KERNEL32.dll
 0005:0000039c       __imp__CompareStringA@24   100da39c     kernel32:KERNEL32.dll
 0005:000003a0       __imp__CompareStringW@24   100da3a0     kernel32:KERNEL32.dll
 0005:000003a4       __imp__SetEnvironmentVariableA@8 100da3a4     kernel32:KERNEL32.dll
 0005:000003a8       \177KERNEL32_NULL_THUNK_DATA 100da3a8     kernel32:KERNEL32.dll

 entry point at        0002:00000cc6

